oleoscriptswashcaps: RESIDUAL-UNPUBLISHED-CONVERTER @ 0da7e5d, 3 commits, 0 edit(s): OleoScriptSwashCaps-Bold=2 functional=FAIL(shaping+line_spacing+gdef); OleoScriptSwashCaps-Regular=1 functional=FAIL(shaping+line_spacing+gdef)
   OleoScriptSwashCaps-Bold BLOCKING OS/2.sx_height [443, 436]
   OleoScriptSwashCaps-Bold BLOCKING OS/2.s_cap_height [747, 750]
     cmap         PASS 233 codepoints, exact
     shaping      FAIL 565233 runs shaped, 166 differ
         - default features, singles: 1 of 233 runs differ
         - default features, base+mark: 160 of 160 runs differ
         - default features, base+mark+mark: 5 of 5 runs differ
     rendering    PASS diffenator3 0 glyph / 0 word diffs (0 / 0 confirmed); 0 of 1 changed outlines draw different ink
     names        PASS IDs 1 2 4 6 16 17 21 22 equal
     line_spacing FAIL per-platform ascender/descender/gap equal
         - x-height as layout engines read it (CSS ex / cap units): release 443, build 436
         - cap height as layout engines read it (CSS ex / cap units): release 747, build 750
     advances     PASS 233 glyph advances compared, 0 differ
     gdef         FAIL GDEF present/absent; 1 class difference(s) shaping reads, 1 it does not
         - GDEF absent in the build
         - 1 glyph class(es) differ where shaping reads them (release/build; '-' = decided by substitution, the build has no class table): dotaccentcmb 1/3
   OleoScriptSwashCaps-Regular BLOCKING OS/2.sx_height [443, 442]
     cmap         PASS 233 codepoints, exact
     shaping      FAIL 565233 runs shaped, 166 differ
         - default features, singles: 1 of 233 runs differ
         - default features, base+mark: 160 of 160 runs differ
         - default features, base+mark+mark: 5 of 5 runs differ
     rendering    PASS diffenator3 0 glyph / 0 word diffs (0 / 0 confirmed); 0 of 0 changed outlines draw different ink
     names        PASS IDs 1 2 4 6 16 17 21 22 equal
     line_spacing FAIL per-platform ascender/descender/gap equal
         - x-height as layout engines read it (CSS ex / cap units): release 443, build 442
     advances     PASS 233 glyph advances compared, 0 differ
     gdef         FAIL GDEF present/absent; 1 class difference(s) shaping reads, 1 it does not
         - GDEF absent in the build
         - 1 glyph class(es) differ where shaping reads them (release/build; '-' = decided by substitution, the build has no class table): dotaccentcmb 1/3
