ultra: RESIDUAL-UNPUBLISHED-CONVERTER @ 2f4e888, 3 commits, 0 edit(s): Ultra-Regular=4 functional=FAIL(shaping+rendering+names)
   Ultra-Regular BLOCKING OS/2.us_weight_class [400, 900]
   Ultra-Regular BLOCKING GPOS.script_list [null, {"DFLT/dflt": {"lookups": [0]}, "latn/dflt": {"lookups": [0]}}]
   Ultra-Regular BLOCKING GPOS.feature_list [null, {"kern": [0]}]
   Ultra-Regular BLOCKING GPOS.lookup_list [null, {"0": [{"type": "pair", "h": {"y": {"x": -10}, "yacute": {"x": -10}, "yci
     cmap         PASS 371 codepoints, exact
     shaping      FAIL 707265 runs shaped, 15086 differ
         - default features, singles: 3 of 371 runs differ
         - default features, pairs: 650 of 84163 runs differ
         - default features, base+mark: 837 of 837 runs differ
         - ... 2 more
     rendering    FAIL diffenator3 53 glyph / 321 word diffs (8 / 94 confirmed); 23 of 313 changed outlines draw different ink
         - diffenator3: 8 encoded glyph(s) render differently (>16 px at 32 ppem), confirmed: U+0312 58px, U+0326 53px, U+0315 34px, U+0040 33px, U+0032 23px
         - diffenator3: 94 word(s) render differently (>8 px at 16 ppem), confirmed: '1/234,latn,dflt,frac' 32px, '0123456789,,,pnum' 29px, '0123456789,,,sinf' 27px, 'ÂĈÊĜĤÎĴÔŜÛŴŶâĉêĝĥîĵôŝûŵŷ' 1183px, 'ĂČĎĚĞĽŇŘŠŤŬŽăčďěğľňřšťŭž' 1153px
         - 23 glyph outline(s) draw ink more than rounding apart (FreeType unhinted, 256 ppem = 8 units/px, > 4 px at coverage fuzz 64): Scedilla 16px, braceleft 15px, Scircumflex 13px, Scaron 13px, Sacute 13px
     names        FAIL IDs 1 2 4 6 16 17 21 22 differ (3)
         - name ID 4 (3,1,0x409): release 'Ultra Regular', build 'Ultra'
         - name ID 6 (3,1,0x409): release 'Ultra-Regular', build 'Ultra'
         - OS/2.usWeightClass: release 400, build 900
     line_spacing PASS per-platform ascender/descender/gap equal
     advances     PASS 372 glyph advances compared, 0 differ
     gdef         PASS GDEF absent/absent; 0 class difference(s) shaping reads, 0 it does not
