unifraktur: RESIDUAL-UNPUBLISHED-CONVERTER @ 3e1a19b, 3 commits, 0 edit(s): UnifrakturMaguntia-Book=5 functional=FAIL(shaping+line_spacing)
   UnifrakturMaguntia-Book BLOCKING GPOS.script_list [{"DFLT/dflt": {"lookups": []}, "hani/dflt": {"lookups": []}, "latn/dflt": {"loo
   UnifrakturMaguntia-Book BLOCKING GPOS.feature_list [{}, null]
   UnifrakturMaguntia-Book BLOCKING GPOS.lookup_list [{}, null]
   UnifrakturMaguntia-Book BLOCKING OS/2.us_win_descent [512, 514]
   UnifrakturMaguntia-Book BLOCKING hhea.descender [-513, -514]
     cmap         PASS 247 codepoints, exact
     shaping      FAIL 554137 runs shaped, 1697 differ
         - default features, base+mark: 1317 of 1377 runs differ
         - default features, base+mark+mark: 324 of 324 runs differ
         - default features, kern+mark: 34 of 34 runs differ
         - ... 1 more
     rendering    PASS diffenator3 0 glyph / 0 word diffs (0 / 0 confirmed); 0 of 18 changed outlines draw different ink
     names        PASS IDs 1 2 4 6 16 17 21 22 equal
     line_spacing FAIL per-platform ascender/descender/gap DIFFER
         - CoreText line spacing (ascender, descender, gap): release hhea (1607, -513, 0), build hhea (1607, -514, 0)
         - DirectWrite/GDI line spacing (ascender, descender, gap): release win (1607, -512, 1), build win (1607, -514, 0)
         - FreeType engines line spacing (ascender, descender, gap): release hhea (1607, -513, 0), build hhea (1607, -514, 0)
         - ... 2 more
     advances     PASS 268 glyph advances compared, 0 differ
     gdef         PASS GDEF present/present; 0 class difference(s) shaping reads, 0 it does not
