comicrelief: RESIDUAL @ 489b96a, 62 commits, 6 edit(s): ComicRelief-Regular=0 functional=FAIL(names+gdef); ComicRelief-Bold=0 functional=FAIL(names+gdef)
     cmap         PASS 599 codepoints, exact
     shaping      PASS 775120 runs shaped, 0 differ
     rendering    PASS diffenator3 0 glyph / 0 word diffs (0 / 0 confirmed); 0 of 600 changed outlines draw different ink
     names        FAIL IDs 1 2 4 6 16 17 21 22 differ (72)
         - name ID 2 (3,1,0x403): release 'Normal', build None
         - name ID 17 (3,1,0x403) as read: release 'Normal', build None
         - name ID 22 (3,1,0x403) as read: release 'Normal', build None
         - ... 69 more
     line_spacing PASS per-platform ascender/descender/gap equal
     advances     PASS 602 glyph advances compared, 0 differ
     gdef         FAIL GDEF present/present; 15 class difference(s) shaping reads, 586 it does not
         - 15 glyph class(es) differ where shaping reads them (release/build; '-' = decided by substitution, the build has no class table): acutecomb 1/3, gravecomb 1/3, tildecomb 1/3, uni0302 1/3, uni0304 1/3, uni0305 1/3, uni0306 1/3, uni0307 1/3, uni0308 1/3, uni030A 1/3, uni030B 1/3, uni030C 1/3, uni0326 1/3, uni0327 1/3, uni0328 1/3
     cmap         PASS 599 codepoints, exact
     shaping      PASS 775120 runs shaped, 0 differ
     rendering    PASS diffenator3 0 glyph / 0 word diffs (0 / 0 confirmed); 0 of 600 changed outlines draw different ink
     names        FAIL IDs 1 2 4 6 16 17 21 22 differ (72)
         - name ID 2 (3,1,0x403): release 'Negreta', build None
         - name ID 17 (3,1,0x403) as read: release 'Negreta', build None
         - name ID 22 (3,1,0x403) as read: release 'Negreta', build None
         - ... 69 more
     line_spacing PASS per-platform ascender/descender/gap equal
     advances     PASS 602 glyph advances compared, 0 differ
     gdef         FAIL GDEF present/present; 15 class difference(s) shaping reads, 586 it does not
         - 15 glyph class(es) differ where shaping reads them (release/build; '-' = decided by substitution, the build has no class table): acutecomb 1/3, gravecomb 1/3, tildecomb 1/3, uni0302 1/3, uni0304 1/3, uni0305 1/3, uni0306 1/3, uni0307 1/3, uni0308 1/3, uni030A 1/3, uni030B 1/3, uni030C 1/3, uni0326 1/3, uni0327 1/3, uni0328 1/3
