miama: RESIDUAL @ d71baf1, 4 commits, 1 edit(s): Miama-Regular=34 functional=FAIL(shaping+rendering+names+advances)
   Miama-Regular BLOCKING hmtx.gravecomb {"width": [460, 0]}
   Miama-Regular BLOCKING hmtx.acutecomb {"width": [502, 0]}
   Miama-Regular BLOCKING hmtx.uni0302 {"width": [452, 0]}
   Miama-Regular BLOCKING hmtx.tildecomb {"width": [492, 0]}
   Miama-Regular BLOCKING hmtx.uni0304 {"width": [460, 0]}
   Miama-Regular BLOCKING hmtx.uni0305 {"width": [622, 0]}
     cmap         PASS 1110 codepoints, exact
     shaping      FAIL 1579738 runs shaped, 62033 differ
         - default features, singles: 34 of 1110 runs differ
         - default features, base+mark: 31053 of 31790 runs differ
         - default features, base+mark+mark: 9231 of 9248 runs differ
         - ... 1 more
     rendering    FAIL diffenator3 34 glyph / 0 word diffs (34 / 0 confirmed); 0 of 0 changed outlines draw different ink
         - diffenator3: 34 encoded glyph(s) render differently (>16 px at 32 ppem), confirmed: U+032D 136px, U+0326 129px, U+0330 97px, U+0317 96px, U+032E 96px
     names        FAIL IDs 1 2 4 6 16 17 21 22 differ (1)
         - name ID 2 (3,1,0x409): release 'Regular', build 'Italic'
     line_spacing PASS per-platform ascender/descender/gap equal
     advances     FAIL 1111 glyph advances compared, 34 differ
         - 34 advance width(s) differ (release/build): acutecomb 502/0, dotbelowcomb 416/0, gravecomb 460/0, hookabovecomb 400/0, tildecomb 492/0, uni0302 452/0, uni0304 460/0, uni0305 622/0, uni0306 452/0, uni0307 432/0, uni0308 432/0, uni030A 460/0, uni030B 478/0, uni030C 460/0, uni030F 460/0
     gdef         PASS GDEF absent/present; 0 class difference(s) shaping reads, 1077 it does not
