overlock: RESIDUAL @ 5def33c, 9 commits, 6 edit(s): Overlock-Black=0 functional=FAIL(names); Overlock-BlackItalic=0 functional=FAIL(names); Overlock-Bold=0 functional=PASS; Overlock-BoldItalic=0 functional=PASS; Overlock-Italic=0 functional=PASS; Overlock-Regular=0 functional=PASS
     cmap         PASS 260 codepoints, exact
     shaping      PASS 563645 runs shaped, 0 differ
     rendering    PASS diffenator3 0 glyph / 0 word diffs (0 / 0 confirmed); 0 of 0 changed outlines draw different ink
     names        FAIL IDs 1 2 4 6 16 17 21 22 differ (4)
         - name ID 16 (3,1,0x409) as read: release 'Overlock', build 'Overlock Black'
         - name ID 17 (3,1,0x409) as read: release 'Black', build 'Regular'
         - name ID 21 (3,1,0x409) as read: release 'Overlock', build 'Overlock Black'
         - ... 1 more
     line_spacing PASS per-platform ascender/descender/gap equal
     advances     PASS 261 glyph advances compared, 0 differ
     gdef         PASS GDEF present/absent; 0 class difference(s) shaping reads, 1 it does not
     cmap         PASS 258 codepoints, exact
     shaping      PASS 565908 runs shaped, 0 differ
     rendering    PASS diffenator3 0 glyph / 0 word diffs (0 / 0 confirmed); 0 of 0 changed outlines draw different ink
     names        FAIL IDs 1 2 4 6 16 17 21 22 differ (4)
         - name ID 16 (3,1,0x409) as read: release 'Overlock', build 'Overlock Black'
         - name ID 17 (3,1,0x409) as read: release 'Black Italic', build 'Italic'
         - name ID 21 (3,1,0x409) as read: release 'Overlock', build 'Overlock Black'
         - ... 1 more
     line_spacing PASS per-platform ascender/descender/gap equal
     advances     PASS 259 glyph advances compared, 0 differ
     gdef         PASS GDEF present/absent; 0 class difference(s) shaping reads, 1 it does not
