passionone: RESIDUAL @ 08019b8, 7 commits, 4 edit(s): PassionOne-Black=0 functional=FAIL(shaping+rendering+names+gdef); PassionOne-Bold=0 functional=FAIL(shaping+rendering+gdef); PassionOne-Regular=0 functional=FAIL(shaping+rendering+gdef)
     cmap         PASS 269 codepoints, exact
     shaping      FAIL 557271 runs shaped, 1 differ
         - default features, singles: 1 of 269 runs differ
     rendering    FAIL diffenator3 1 glyph / 0 word diffs (1 / 0 confirmed); 0 of 4 changed outlines draw different ink
         - diffenator3: 1 encoded glyph(s) render differently (>16 px at 32 ppem), confirmed: U+0307 61px
     names        FAIL IDs 1 2 4 6 16 17 21 22 differ (4)
         - name ID 16 (3,1,0x409) as read: release 'Passion One', build 'Passion One Black'
         - name ID 17 (3,1,0x409) as read: release 'Black', build 'Regular'
         - name ID 21 (3,1,0x409) as read: release 'Passion One', build 'Passion One Black'
         - ... 1 more
     line_spacing PASS per-platform ascender/descender/gap equal
     advances     PASS 267 glyph advances compared, 0 differ
     gdef         FAIL GDEF present/absent; 1 class difference(s) shaping reads, 1 it does not
         - GDEF absent in the build
         - 1 glyph class(es) differ where shaping reads them (release/build; '-' = decided by substitution, the build has no class table): dotaccentcmb 1/3
     cmap         PASS 269 codepoints, exact
     shaping      FAIL 557271 runs shaped, 1 differ
         - default features, singles: 1 of 269 runs differ
     rendering    FAIL diffenator3 1 glyph / 0 word diffs (1 / 0 confirmed); 0 of 10 changed outlines draw different ink
         - diffenator3: 1 encoded glyph(s) render differently (>16 px at 32 ppem), confirmed: U+0307 65px
     names        PASS IDs 1 2 4 6 16 17 21 22 equal
     line_spacing PASS per-platform ascender/descender/gap equal
     advances     PASS 267 glyph advances compared, 0 differ
     gdef         FAIL GDEF present/absent; 1 class difference(s) shaping reads, 1 it does not
         - GDEF absent in the build
         - 1 glyph class(es) differ where shaping reads them (release/build; '-' = decided by substitution, the build has no class table): dotaccentcmb 1/3
     cmap         PASS 269 codepoints, exact
     shaping      FAIL 557271 runs shaped, 1 differ
         - default features, singles: 1 of 269 runs differ
     rendering    FAIL diffenator3 1 glyph / 0 word diffs (1 / 0 confirmed); 0 of 6 changed outlines draw different ink
         - diffenator3: 1 encoded glyph(s) render differently (>16 px at 32 ppem), confirmed: U+0307 62px
     names        PASS IDs 1 2 4 6 16 17 21 22 equal
     line_spacing PASS per-platform ascender/descender/gap equal
     advances     PASS 267 glyph advances compared, 0 differ
     gdef         FAIL GDEF present/absent; 1 class difference(s) shaping reads, 1 it does not
         - GDEF absent in the build
         - 1 glyph class(es) differ where shaping reads them (release/build; '-' = decided by substitution, the build has no class table): dotaccentcmb 1/3
