titilliumweb: RESIDUAL @ 5cebfa6, 13 commits, 10 edit(s): TitilliumWeb-Black=0 functional=FAIL(names); TitilliumWeb-Bold=0 functional=PASS; TitilliumWeb-BoldItalic=0 functional=PASS; TitilliumWeb-Italic=0 functional=PASS; TitilliumWeb-Light=0 functional=FAIL(names); TitilliumWeb-LightItalic=0 functional=FAIL(names); TitilliumWeb-Regular=0 functional=PASS; TitilliumWeb-SemiBold=0 functional=FAIL(names); TitilliumWeb-SemiBoldItalic=0 functional=FAIL(names)
     cmap         PASS 396 codepoints, exact
     shaping      PASS 724464 runs shaped, 0 differ
     rendering    PASS diffenator3 0 glyph / 0 word diffs (0 / 0 confirmed); 0 of 0 changed outlines draw different ink
     names        FAIL IDs 1 2 4 6 16 17 21 22 differ (4)
         - name ID 16 (3,1,0x409) as read: release 'Titillium Web', build 'Titillium Web Black'
         - name ID 17 (3,1,0x409) as read: release 'Black', build 'Regular'
         - name ID 21 (3,1,0x409) as read: release 'Titillium Web', build 'Titillium Web Black'
         - ... 1 more
     line_spacing PASS per-platform ascender/descender/gap equal
     advances     PASS 408 glyph advances compared, 0 differ
     gdef         PASS GDEF present/absent; 0 class difference(s) shaping reads, 12 it does not
     cmap         PASS 396 codepoints, exact
     shaping      PASS 805444 runs shaped, 0 differ
     rendering    PASS diffenator3 0 glyph / 0 word diffs (0 / 0 confirmed); 0 of 0 changed outlines draw different ink
     names        FAIL IDs 1 2 4 6 16 17 21 22 differ (4)
         - name ID 16 (3,1,0x409) as read: release 'Titillium Web', build 'Titillium Web Light'
         - name ID 17 (3,1,0x409) as read: release 'Light', build 'Regular'
         - name ID 21 (3,1,0x409) as read: release 'Titillium Web', build 'Titillium Web Light'
         - ... 1 more
     line_spacing PASS per-platform ascender/descender/gap equal
     advances     PASS 408 glyph advances compared, 0 differ
     gdef         PASS GDEF present/absent; 0 class difference(s) shaping reads, 12 it does not
     cmap         PASS 396 codepoints, exact
     shaping      PASS 805444 runs shaped, 0 differ
     rendering    PASS diffenator3 0 glyph / 0 word diffs (0 / 0 confirmed); 0 of 0 changed outlines draw different ink
     names        FAIL IDs 1 2 4 6 16 17 21 22 differ (4)
         - name ID 16 (3,1,0x409) as read: release 'Titillium Web', build 'Titillium Web Light'
         - name ID 17 (3,1,0x409) as read: release 'Light Italic', build 'Italic'
         - name ID 21 (3,1,0x409) as read: release 'Titillium Web', build 'Titillium Web Light'
         - ... 1 more
     line_spacing PASS per-platform ascender/descender/gap equal
     advances     PASS 408 glyph advances compared, 0 differ
     gdef         PASS GDEF present/absent; 0 class difference(s) shaping reads, 12 it does not
     cmap         PASS 396 codepoints, exact
     shaping      PASS 805444 runs shaped, 0 differ
     rendering    PASS diffenator3 0 glyph / 0 word diffs (0 / 0 confirmed); 0 of 0 changed outlines draw different ink
     names        FAIL IDs 1 2 4 6 16 17 21 22 differ (4)
         - name ID 16 (3,1,0x409) as read: release 'Titillium Web', build 'Titillium Web SemiBold'
         - name ID 17 (3,1,0x409) as read: release 'SemiBold', build 'Regular'
         - name ID 21 (3,1,0x409) as read: release 'Titillium Web', build 'Titillium Web SemiBold'
         - ... 1 more
     line_spacing PASS per-platform ascender/descender/gap equal
     advances     PASS 408 glyph advances compared, 0 differ
     gdef         PASS GDEF present/absent; 0 class difference(s) shaping reads, 12 it does not
     cmap         PASS 396 codepoints, exact
     shaping      PASS 805444 runs shaped, 0 differ
     rendering    PASS diffenator3 0 glyph / 0 word diffs (0 / 0 confirmed); 0 of 0 changed outlines draw different ink
     names        FAIL IDs 1 2 4 6 16 17 21 22 differ (4)
         - name ID 16 (3,1,0x409) as read: release 'Titillium Web', build 'Titillium Web SemiBold'
         - name ID 17 (3,1,0x409) as read: release 'SemiBold Italic', build 'Italic'
         - name ID 21 (3,1,0x409) as read: release 'Titillium Web', build 'Titillium Web SemiBold'
         - ... 1 more
     line_spacing PASS per-platform ascender/descender/gap equal
     advances     PASS 408 glyph advances compared, 0 differ
     gdef         PASS GDEF present/absent; 0 class difference(s) shaping reads, 12 it does not
