Kristi-Regular: CLEAN 0
HerrVonMuellerhoff-Regular: CLEAN 0
Lekton-Italic: CLEAN 0
CreepsterCaps-Regular: CLEAN 0
Lekton-Bold: BLOCKING 1
Lekton-Regular: CLEAN 0
Miama-Regular: CLEAN 0
NixieOne-Regular: CLEAN 0
Monoton-Regular: CLEAN 0
NovaCut: CLEAN 0
Nosifer-Regular: BLOCKING 3
NosiferCaps-Regular: BLOCKING 1
NovaFlat: CLEAN 0
NovaMono: CLEAN 0
NovaOval: CLEAN 0
NovaRound: CLEAN 0
NovaScript-Regular: CLEAN 0
NovaSlim: CLEAN 0
NovaSquare: CLEAN 0
PatrickHand-Regular: BLOCKING 1
Puritan-Bold: BLOCKING 20
Play-Bold: BLOCKING 232
Play-Regular: BLOCKING 219
Puritan-BoldItalic: BLOCKING 20
Puritan-Italic: BLOCKING 19
Puritan-Regular: BLOCKING 19
SixCaps: CLEAN 0
RussoOne-Regular: BLOCKING 1
Smythe-Regular: CLEAN 0
Tuffy-Bold: BLOCKING 1
Tuffy-BoldItalic: BLOCKING 1
Tuffy-Italic: BLOCKING 24
TulpenOne-Regular: CLEAN 0
Tuffy-Regular: BLOCKING 66
UnifrakturCook-Bold: BLOCKING 1
UnifrakturMaguntia-Book: BLOCKING 5
AbrilFatface-Regular: CLEAN 0
Corben-Regular: CLEAN 0
ComicRelief-Regular: BLOCKING 1
ComicRelief-Bold: BLOCKING 2
AllertaStencil-Regular: CLEAN 0
