    Checking arrayvec v0.7.8
    Checking utf8parse v0.2.2
    Checking anstyle-query v1.1.5
    Checking is_terminal_polyfill v1.70.2
    Checking anstyle v1.0.14
    Checking colorchoice v1.0.5
    Checking anstyle-parse v1.0.0
    Checking clap_lex v1.1.1
    Checking strsim v0.11.1
    Checking polycool v0.4.0
    Checking anstream v1.0.0
    Checking kurbo v0.13.1
   Compiling heck v0.5.0
   Compiling babelfont v0.2.1 (/home/fsanches/compartilhado/babelfont-rs-worktrees/port-496e904-work/wt-pr-ff-source-fidelity/babelfont)
    Checking clap_builder v4.6.7
   Compiling clap_derive v4.6.7
    Checking is-terminal v0.4.17
    Checking rustc-hash v2.1.3
    Checking termcolor v1.4.1
    Checking write-fonts v0.52.0
    Checking humantime v2.4.0
    Checking env_logger v0.10.2
    Checking norad v0.17.0
    Checking clap v4.6.7
    Checking linesweeper v0.4.0
    Checking clap-verbosity-flag v3.0.4
    Checking serde_json_path_to_error v0.1.5
    Checking fontdrasil v1.0.0
    Checking fontir v1.0.0
    Checking fea-rs v1.0.0
    Checking glyphs-reader v1.0.0
    Checking fontra2fontir v0.5.0
    Checking glyphs2fontir v1.0.0
    Checking fea-rs-ast v0.2.0
    Checking fontbe v1.0.0
    Checking ufo2fontir v1.0.0
    Checking sr-aef v0.1.0 (/home/fsanches/compartilhado/babelfont-rs-worktrees/port-496e904-work/wt-pr-ff-source-fidelity/sr-aef)
    Checking fontc v1.0.0
    Finished `dev` profile [unoptimized + debuginfo] target(s) in 38.11s
clippy-cli rc=0
