cardo: RESIDUAL-UNPUBLISHED-CONVERTER @ d0a9d72, 3 commits, 0 edit(s): Cardo-Bold=BUILD functional=-; Cardo-Italic=10 functional=FAIL(shaping+advances+gdef); Cardo-Regular=BUILD functional=-
   Cardo-Bold BUILD: Cardo-Bold.ttf not produced (Cardo-Italic.ttf)
   Cardo-Italic BLOCKING GDEF.lig_carets [{"longs_i": [{"coordinate": 591}], "longs_longs": [{"coordinate": 632}], "longs
   Cardo-Italic BLOCKING GSUB.script_list {"grek/dflt": {"lookups": {"1": [7, 6]}}, "latn/dflt": {"lookups": {"5": [6, 7]}
   Cardo-Italic BLOCKING GSUB.feature_list {"dlig": {"0": [4, 5]}, "hist": {"1": [2, 3]}, "hlig": {"0": [3, 4]}, "onum": {"
   Cardo-Italic BLOCKING GSUB.lookup_list {"2": {"0": {"type": ["chained_sequence_context", "single"], "rules": [["longs'
   Cardo-Italic BLOCKING head.font_direction_hint [0, 2]
   Cardo-Italic BLOCKING hmtx.nonbreakingspace {"width": [575, 550]}
     cmap         PASS 2412 codepoints, exact
     shaping      FAIL 1796504 runs shaped, 18548 differ
         - default features, singles: 1 of 2412 runs differ
         - default features, pairs: 2527 of 787952 runs differ
         - default features, base+mark: 986 of 150943 runs differ
         - ... 5 more
     rendering    PASS diffenator3 0 glyph / 4 word diffs (0 / 0 confirmed); 0 of 1318 changed outlines draw different ink
     names        PASS IDs 1 2 4 6 16 17 21 22 equal
     line_spacing PASS per-platform ascender/descender/gap equal
     advances     FAIL 2372 glyph advances compared, 6 differ
         - 6 advance width(s) differ (release/build): nonbreakingspace 575/550, uni1DC1 30/0, uni2E0F 2443/0, uni2E10 2443/0, uni2E11 2443/0, uniF15B 11/0
     gdef         FAIL GDEF present/present; 3 class difference(s) shaping reads, 2190 it does not
         - 3 glyph class(es) differ where shaping reads them (release/build; '-' = decided by substitution, the build has no class table): afii57806 1/3, uni0485 1/3, uni0486 1/3
   Cardo-Regular BUILD: Cardo-Regular.ttf not produced (Cardo-Italic.ttf)
