niconne: RESIDUAL-UNPUBLISHED-CONVERTER @ 9d31be4, 3 commits, 0 edit(s): Niconne-Regular=0 functional=FAIL(shaping+rendering+names+gdef)
     cmap         PASS 283 codepoints, exact
     shaping      FAIL 572709 runs shaped, 855 differ
         - default features, singles: 4 of 283 runs differ
         - default features, base+mark: 771 of 784 runs differ
         - default features, base+mark+mark: 80 of 80 runs differ
     rendering    FAIL diffenator3 1 glyph / 3 word diffs (1 / 3 confirmed); 1 of 109 changed outlines draw different ink
         - diffenator3: 1 encoded glyph(s) render differently (>16 px at 32 ppem), confirmed: U+0030 60px
         - diffenator3: 3 word(s) render differently (>8 px at 16 ppem), confirmed: '0123456789,,,pnum' 21px, '0123456789,,,sinf' 21px, '0,,,zero' 21px
         - 1 glyph outline(s) draw ink more than rounding apart (FreeType unhinted, 256 ppem = 8 units/px, > 4 px at coverage fuzz 64): zero 562px
     names        FAIL IDs 1 2 4 6 16 17 21 22 differ (5)
         - name ID 1 (3,1,0x409): release 'Niconne', build 'Nicone'
         - name ID 4 (3,1,0x409): release 'Niconne', build 'Nicone Regular'
         - name ID 6 (3,1,0x409): release 'Niconne-Regular', build 'Nicone-Regular'
         - ... 2 more
     line_spacing PASS per-platform ascender/descender/gap equal
     advances     PASS 284 glyph advances compared, 0 differ
     gdef         FAIL GDEF present/absent; 4 class difference(s) shaping reads, 1 it does not
         - GDEF absent in the build
         - 4 glyph class(es) differ where shaping reads them (release/build; '-' = decided by substitution, the build has no class table): dotaccentcmb 1/3, uni030F 1/3, uni0311 1/3, uni0326 1/3
