ultra: RESIDUAL-UNPUBLISHED-CONVERTER @ 16f4596, 3 commits, 0 edit(s): Ultra-Regular=4 functional=FAIL(shaping+rendering+names)
   Ultra-Regular BLOCKING OS/2.us_weight_class [400, 900]
   Ultra-Regular BLOCKING GPOS.script_list [null, {"DFLT/dflt": {"lookups": [0]}, "latn/dflt": {"lookups": [0]}}]
   Ultra-Regular BLOCKING GPOS.feature_list [null, {"kern": [0]}]
   Ultra-Regular BLOCKING GPOS.lookup_list [null, {"0": [{"type": "pair", "h": {"y": {"x": -10}, "yacute": {"x": -10}, "yci
     cmap         PASS 371 codepoints, exact
     shaping      FAIL 707265 runs shaped, 15086 differ
         - default features, singles: 3 of 371 runs differ
         - default features, pairs: 650 of 84163 runs differ
         - default features, base+mark: 837 of 837 runs differ
         - ... 2 more
     rendering    FAIL diffenator3 52 glyph / 323 word diffs (11 / 100 confirmed); 26 of 313 changed outlines draw different ink
         - diffenator3: 11 encoded glyph(s) render differently (>16 px at 32 ppem), confirmed: U+0312 58px, U+0326 53px, U+0315 34px, U+0040 33px, U+00C7 27px
         - diffenator3: 100 word(s) render differently (>8 px at 16 ppem), confirmed: '0123456789,,,pnum' 29px, '1/234,latn,dflt,frac' 29px, '0123456789,,,sinf' 27px, 'ÂĈÊĜĤÎĴÔŜÛŴŶâĉêĝĥîĵôŝûŵŷ' 1183px, 'ĂČĎĚĞĽŇŘŠŤŬŽăčďěğľňřšťŭž' 1157px
         - 26 glyph outline(s) draw ink more than rounding apart (FreeType unhinted, 256 ppem = 8 units/px, > 4 px at coverage fuzz 64): at 14px, Scedilla 13px, ampersand 11px, Scircumflex 10px, Scaron 10px
     names        FAIL IDs 1 2 4 6 16 17 21 22 differ (6)
         - name ID 1 (3,1,0x409): release 'Ultra', build 'Ultra Black'
         - name ID 4 (3,1,0x409): release 'Ultra Regular', build 'Ultra Black'
         - name ID 6 (3,1,0x409): release 'Ultra-Regular', build 'Ultra'
         - ... 3 more
     line_spacing PASS per-platform ascender/descender/gap equal
     advances     PASS 372 glyph advances compared, 0 differ
     gdef         PASS GDEF absent/absent; 0 class difference(s) shaping reads, 0 it does not
