TitilliumWeb-Black	setfield FSType 0	before='8'
TitilliumWeb-Black	setfield Version 1.002;PS 35.000;hotconv 1.0.70;makeotf.lib2.5.55311	before='1.001;PS 35.000;hotconv 1.0.70;makeotf.lib2.5.55311'
TitilliumWeb-Black	setfield sfntRevision 0x00010083	before='0x00010000'
TitilliumWeb-Black	setname 1033 3 1.002;UKWN;TitilliumWeb-Black	before='1.001;UKWN;TitilliumWeb-Black'
TitilliumWeb-Black	setname 1033 5 Version 1.002;PS 35.000;hotconv 1.0.70;makeotf.lib2.5	before='Version 1.001;PS 35.000;hotconv 1.0.70;makeotf.lib2.5.55311'
TitilliumWeb-Bold	setfield FSType 0	before='8'
TitilliumWeb-Bold	setfield Version 1.002;PS 57.000;hotconv 1.0.70;makeotf.lib2.5.55311	before='1.001;PS 57.000;hotconv 1.0.70;makeotf.lib2.5.55311'
TitilliumWeb-Bold	setfield sfntRevision 0x00010083	before='0x00010000'
TitilliumWeb-Bold	setname 1033 3 1.002;UKWN;TitilliumWeb-Bold	before='1.001;UKWN;TitilliumWeb-Bold'
TitilliumWeb-Bold	setname 1033 5 Version 1.002;PS 57.000;hotconv 1.0.70;makeotf.lib2.5	before='Version 1.001;PS 57.000;hotconv 1.0.70;makeotf.lib2.5.55311'
TitilliumWeb-BoldItalic	setfield FSType 0	before='8'
TitilliumWeb-BoldItalic	setfield Version 1.002;PS 57.000;hotconv 1.0.70;makeotf.lib2.5.55311	before='1.001;PS 57.000;hotconv 1.0.70;makeotf.lib2.5.55311'
TitilliumWeb-BoldItalic	setfield sfntRevision 0x00010083	before='0x00010000'
TitilliumWeb-BoldItalic	setname 1033 3 1.002;UKWN;TitilliumWeb-BoldItalic	before='1.001;UKWN;TitilliumWeb-BoldItalic'
TitilliumWeb-BoldItalic	setname 1033 5 Version 1.002;PS 57.000;hotconv 1.0.70;makeotf.lib2.5	before='Version 1.001;PS 57.000;hotconv 1.0.70;makeotf.lib2.5.55311'
TitilliumWeb-Italic	setfield FSType 0	before='8'
TitilliumWeb-Italic	setfield Version 1.002;PS 57.000;hotconv 1.0.70;makeotf.lib2.5.55311	before='1.001;PS 57.000;hotconv 1.0.70;makeotf.lib2.5.55311'
TitilliumWeb-Italic	setfield sfntRevision 0x00010083	before='0x00010000'
TitilliumWeb-Italic	setname 1033 3 1.002;UKWN;TitilliumWeb-Italic	before='1.001;UKWN;TitilliumWeb-Italic'
TitilliumWeb-Italic	setname 1033 5 Version 1.002;PS 57.000;hotconv 1.0.70;makeotf.lib2.5	before='Version 1.001;PS 57.000;hotconv 1.0.70;makeotf.lib2.5.55311'
TitilliumWeb-Light	setfield FSType 0	before='8'
TitilliumWeb-Light	setfield Version 1.002;PS 57.000;hotconv 1.0.70;makeotf.lib2.5.55311	before='1.001;PS 57.000;hotconv 1.0.70;makeotf.lib2.5.55311'
TitilliumWeb-Light	setfield sfntRevision 0x00010083	before='0x00010000'
TitilliumWeb-Light	setname 1033 3 1.002;UKWN;TitilliumWeb-Light	before='1.001;UKWN;TitilliumWeb-Light'
TitilliumWeb-Light	setname 1033 5 Version 1.002;PS 57.000;hotconv 1.0.70;makeotf.lib2.5	before='Version 1.001;PS 57.000;hotconv 1.0.70;makeotf.lib2.5.55311'
TitilliumWeb-LightItalic	setfield FSType 0	before='8'
TitilliumWeb-LightItalic	setfield Version 1.002;PS 57.000;hotconv 1.0.70;makeotf.lib2.5.55311	before='1.001;PS 57.000;hotconv 1.0.70;makeotf.lib2.5.55311'
TitilliumWeb-LightItalic	setfield sfntRevision 0x00010083	before='0x00010000'
TitilliumWeb-LightItalic	setname 1033 3 1.002;UKWN;TitilliumWeb-LightItalic	before='1.001;UKWN;TitilliumWeb-LightItalic'
TitilliumWeb-LightItalic	setname 1033 5 Version 1.002;PS 57.000;hotconv 1.0.70;makeotf.lib2.5	before='Version 1.001;PS 57.000;hotconv 1.0.70;makeotf.lib2.5.55311'
TitilliumWeb-Regular	setfield FSType 0	before='8'
TitilliumWeb-Regular	setfield Version 1.002;PS 57.000;hotconv 1.0.70;makeotf.lib2.5.55311	before='1.001;PS 57.000;hotconv 1.0.70;makeotf.lib2.5.55311'
TitilliumWeb-Regular	setfield sfntRevision 0x00010083	before='0x00010000'
TitilliumWeb-Regular	setname 1033 3 1.002;UKWN;TitilliumWeb-Regular	before='1.001;UKWN;TitilliumWeb-Regular'
TitilliumWeb-Regular	setname 1033 5 Version 1.002;PS 57.000;hotconv 1.0.70;makeotf.lib2.5	before='Version 1.001;PS 57.000;hotconv 1.0.70;makeotf.lib2.5.55311'
TitilliumWeb-SemiBold	setfield FSType 0	before='8'
TitilliumWeb-SemiBold	setfield Version 1.002;PS 57.000;hotconv 1.0.70;makeotf.lib2.5.55311	before='1.001;PS 57.000;hotconv 1.0.70;makeotf.lib2.5.55311'
TitilliumWeb-SemiBold	setfield sfntRevision 0x00010083	before='0x00010000'
TitilliumWeb-SemiBold	setname 1033 3 1.002;UKWN;TitilliumWeb-SemiBold	before='1.001;UKWN;TitilliumWeb-SemiBold'
TitilliumWeb-SemiBold	setname 1033 5 Version 1.002;PS 57.000;hotconv 1.0.70;makeotf.lib2.5	before='Version 1.001;PS 57.000;hotconv 1.0.70;makeotf.lib2.5.55311'
TitilliumWeb-SemiBoldItalic	setfield FSType 0	before='8'
TitilliumWeb-SemiBoldItalic	setfield Version 1.002;PS 57.000;hotconv 1.0.70;makeotf.lib2.5.55311	before='1.001;PS 57.000;hotconv 1.0.70;makeotf.lib2.5.55311'
TitilliumWeb-SemiBoldItalic	setfield sfntRevision 0x00010083	before='0x00010000'
TitilliumWeb-SemiBoldItalic	setname 1033 3 1.002;UKWN;TitilliumWeb-SemiBoldItalic	before='1.001;UKWN;TitilliumWeb-SemiBoldItalic'
TitilliumWeb-SemiBoldItalic	setname 1033 5 Version 1.002;PS 57.000;hotconv 1.0.70;makeotf.lib2.5	before='Version 1.001;PS 57.000;hotconv 1.0.70;makeotf.lib2.5.55311'
TitilliumWeb-ExtraLight	setfield FSType 0	before='8'
TitilliumWeb-ExtraLight	setfield TTFWeight 275	before='200'
TitilliumWeb-ExtraLight	setfield FontName TitilliumWeb-ExtraLight	before='TitilliumWeb-Thin'
TitilliumWeb-ExtraLight	setfield FullName Titillium Web ExtraLight	before='Titillium WebThin'
TitilliumWeb-ExtraLight	setfield LangName 1033 "" "" "" "1.001;UKWN;TitilliumWeb-ExtraLight" 	before='1033 "" "" "" "1.001;UKWN;TitilliumWeb-Thin" "" "Version 1.001;PS 57.000;hotconv 1.0.70;makeotf.lib2.5.55311" "" "" "" "" "" "" "" "This Font Software is licensed under the SIL Open Font License, Version 1.1. This license is available with a FAQ at: http://scripts.sil.org/OFL" "http://scripts.sil.org/OFL" "" "" "Thin" '
TitilliumWeb-ExtraLight	setfield Version 1.002;PS 57.000;hotconv 1.0.70;makeotf.lib2.5.55311	before='1.001;PS 57.000;hotconv 1.0.70;makeotf.lib2.5.55311'
TitilliumWeb-ExtraLight	setfield sfntRevision 0x00010083	before='0x00010000'
TitilliumWeb-ExtraLight	setname 1033 3 1.002;UKWN;TitilliumWeb-ExtraLight	before='1.001;UKWN;TitilliumWeb-ExtraLight'
TitilliumWeb-ExtraLight	setname 1033 5 Version 1.002;PS 57.000;hotconv 1.0.70;makeotf.lib2.5	before='Version 1.001;PS 57.000;hotconv 1.0.70;makeotf.lib2.5.55311'
TitilliumWeb-ExtraLightItalic	setfield FSType 0	before='8'
TitilliumWeb-ExtraLightItalic	setfield TTFWeight 275	before='200'
TitilliumWeb-ExtraLightItalic	setfield FontName TitilliumWeb-ExtraLightItalic	before='TitilliumWeb-ThinItalic'
TitilliumWeb-ExtraLightItalic	setfield FullName Titillium Web ExtraLight Italic	before='Titillium WebThin Italic'
TitilliumWeb-ExtraLightItalic	setfield LangName 1033 "" "" "ExtraLight Italic" "1.001;UKWN;Titilliu	before='1033 "" "" "Thin Italic" "1.001;UKWN;TitilliumWeb-ThinItalic" "" "Version 1.001;PS 57.000;hotconv 1.0.70;makeotf.lib2.5.55311" "" "" "" "" "" "" "" "This Font Software is licensed under the SIL Open Font License, Version 1.1. This license is available with a FAQ at: http://scripts.sil.org/OFL" "http://scripts.sil.org/OFL" "" "" "Thin Italic" '
TitilliumWeb-ExtraLightItalic	setfield Version 1.002;PS 57.000;hotconv 1.0.70;makeotf.lib2.5.55311	before='1.001;PS 57.000;hotconv 1.0.70;makeotf.lib2.5.55311'
TitilliumWeb-ExtraLightItalic	setfield sfntRevision 0x00010083	before='0x00010000'
TitilliumWeb-ExtraLightItalic	setname 1033 3 1.002;UKWN;TitilliumWeb-ExtraLightItalic	before='1.001;UKWN;TitilliumWeb-ExtraLightItalic'
TitilliumWeb-ExtraLightItalic	setname 1033 5 Version 1.002;PS 57.000;hotconv 1.0.70;makeotf.lib2.5	before='Version 1.001;PS 57.000;hotconv 1.0.70;makeotf.lib2.5.55311'
