Rochester-Regular: CLEAN 0
Smokum-Regular: BLOCKING 3
Ultra-Regular: BLOCKING 3
MountainsofChristmas-Bold: BLOCKING 4
MountainsofChristmas-Regular: CLEAN 0
Cardo-Bold: BLOCKING 2
KeaniaOne-Regular: CLEAN 0
Italiana-Regular: CLEAN 0
KottaOne-Regular: BLOCKING 1
KellySlab-Regular: CLEAN 0
Cardo-Italic: BLOCKING 10
LilitaOne-Regular: BLOCKING 2
Ledger-Regular: BLOCKING 2
Limelight-Regular: BLOCKING 5
Lohit-Tamil: BLOCKING 8
Lohit-Bengali: BLOCKING 1
LovedbytheKing: CLEAN 0
Macondo-Regular: BLOCKING 1
Lustria-Regular: BLOCKING 2
Magra-Bold: BLOCKING 3
Magra-Regular: CLEAN 0
Marvel-Bold: BLOCKING 1
Marvel-BoldItalic: BLOCKING 1
Marvel-Italic: CLEAN 0
Marvel-Regular: CLEAN 0
MedulaOne-Regular: CLEAN 0
Megrim: BLOCKING 4
MergeOne-Regular: BLOCKING 1
MeieScript-Regular: CLEAN 0
MissFajardose-Regular: CLEAN 0
MrBedfort-Regular: CLEAN 0
MonsieurLaDoulaise-Regular: CLEAN 0
MrDafoe-Regular: CLEAN 0
MrDeHaviland-Regular: CLEAN 0
MrsSaintDelafield-Regular: CLEAN 0
MrsSheppards-Regular: CLEAN 0
Niconne-Regular: CLEAN 0
LoveYaLikeASister: CLEAN 0
NothingYouCouldDo: BLOCKING 2
Numans-Regular: CLEAN 0
OleoScript-Regular: BLOCKING 2
OleoScript-Bold: BLOCKING 3
OleoScriptSwashCaps-Bold: BLOCKING 3
Overlock-Black: BLOCKING 1
OleoScriptSwashCaps-Regular: BLOCKING 1
Overlock-BlackItalic: BLOCKING 1
Overlock-BoldItalic: BLOCKING 1
Overlock-Bold: BLOCKING 1
Overlock-Italic: CLEAN 0
Overlock-Regular: CLEAN 0
OverlockSC-Regular: CLEAN 0
PassionOne-Black: BLOCKING 1
PassionOne-Bold: BLOCKING 1
OvertheRainbow: CLEAN 0
PassionOne-Regular: CLEAN 0
PatuaOne-Regular: CLEAN 0
PirataOne-Regular: CLEAN 0
Poly-Italic: BLOCKING 3
PortLligatSans-Regular: CLEAN 0
Poly-Regular: CLEAN 0
Piedra-Regular: CLEAN 0
Quantico-Bold: BLOCKING 1
PortLligatSlab-Regular: CLEAN 0
Quantico-BoldItalic: BLOCKING 1
Quantico-Italic: CLEAN 0
Quantico-Regular: CLEAN 0
Rambla-Bold: BLOCKING 3
Rambla-Italic: CLEAN 0
Rambla-BoldItalic: BLOCKING 3
Rambla-Regular: CLEAN 0
Revalia-Regular: CLEAN 0
Rosarivo-Italic: BLOCKING 1
Rosarivo-Regular: CLEAN 0
RibeyeMarrow-Regular: BLOCKING 2
RougeScript-Regular: CLEAN 0
Rufina-Bold: BLOCKING 1
Rufina-Regular: CLEAN 0
Ruluko-Regular: CLEAN 0
Sail-Regular: BLOCKING 1
Salsa-Regular: CLEAN 0
Sanchez-Italic: CLEAN 0
Sanchez-Regular: CLEAN 0
SquadaOne-Regular: CLEAN 0
Spirax-Regular: CLEAN 0
Thabit-Bold: BLOCKING 465
Thabit: BLOCKING 465
TextMeOne-Regular: BLOCKING 1
SwankyandMooMoo: CLEAN 0
TitanOne-Regular: CLEAN 0
TitilliumWeb-Black: BLOCKING 2
TitilliumWeb-Bold: BLOCKING 2
TheGirlNextDoor: CLEAN 0
TitilliumWeb-BoldItalic: BLOCKING 2
TitilliumWeb-Light: BLOCKING 2
TitilliumWeb-Italic: BLOCKING 1
TitilliumWeb-LightItalic: BLOCKING 2
TitilliumWeb-Regular: BLOCKING 1
TitilliumWeb-SemiBold: BLOCKING 2
Trochut-Bold: BLOCKING 1
Trochut-Italic: CLEAN 0
TitilliumWeb-SemiBoldItalic: BLOCKING 2
Trochut-Regular: CLEAN 0
Viga-Regular: CLEAN 0
Varela-Regular: BLOCKING 6
Wallpoet-Regular: BLOCKING 1
WendyOne-Regular: CLEAN 0
