HerrVonMuellerhoff-Regular: BLOCKING 2
Kristi-Regular: CLEAN 0
Lekton-Italic: BLOCKING 2
Lekton-Bold: BLOCKING 3
CreepsterCaps-Regular: BLOCKING 2
Lekton-Regular: BLOCKING 2
NixieOne-Regular: CLEAN 0
Miama-Regular: BLOCKING 2
Monoton-Regular: BLOCKING 2
NovaCut: BLOCKING 2
Nosifer-Regular: BLOCKING 5
NovaFlat: BLOCKING 2
NosiferCaps-Regular: BLOCKING 3
NovaMono: BLOCKING 2
NovaOval: BLOCKING 2
NovaRound: BLOCKING 2
NovaScript-Regular: BLOCKING 2
NovaSlim: BLOCKING 2
NovaSquare: BLOCKING 2
PatrickHand-Regular: BLOCKING 2
Puritan-Bold: BLOCKING 20
Play-Bold: BLOCKING 233
Play-Regular: BLOCKING 220
Puritan-BoldItalic: BLOCKING 20
Puritan-Italic: BLOCKING 19
Puritan-Regular: BLOCKING 19
SixCaps: CLEAN 0
RussoOne-Regular: BLOCKING 2
Smythe-Regular: BLOCKING 2
Tuffy-Bold: BLOCKING 1
Tuffy-BoldItalic: BLOCKING 1
Tuffy-Regular: BLOCKING 74
TulpenOne-Regular: BLOCKING 2
Tuffy-Italic: BLOCKING 27
UnifrakturCook-Bold: BLOCKING 3
AbrilFatface-Regular: BLOCKING 1
UnifrakturMaguntia-Book: BLOCKING 7
Corben-Regular: BLOCKING 2
AllertaStencil-Regular: BLOCKING 2
ComicRelief-Regular: BLOCKING 1
ComicRelief-Bold: BLOCKING 2
G 2
ComicRelief-Bold: BLOCKING 2
