lekton: CLEAN @ cd0f945, 3 commits, 0 edit(s): Lekton-Bold=0; Lekton-Italic=0; Lekton-Regular=0
creepstercaps: CLEAN @ c5f2ec0, 3 commits, 0 edit(s): CreepsterCaps-Regular=0
kristi: CLEAN @ f05a418, 3 commits, 0 edit(s): Kristi-Regular=0
monoton: CLEAN @ 60394d3, 3 commits, 0 edit(s): Monoton-Regular=0
nixieone: CLEAN @ 89d5f47, 3 commits, 0 edit(s): NixieOne-Regular=0
novacut: CLEAN @ 64b2e02, 3 commits, 0 edit(s): NovaCut=0
novaflat: CLEAN @ 72dd793, 3 commits, 0 edit(s): NovaFlat=0
novamono: CLEAN @ 4ad3153, 3 commits, 0 edit(s): NovaMono=0
novaoval: CLEAN @ cc8fc40, 3 commits, 0 edit(s): NovaOval=0
novaround: CLEAN @ b922b5c, 3 commits, 0 edit(s): NovaRound=0
novascript: CLEAN @ 95cd12f, 3 commits, 0 edit(s): NovaScript-Regular=0
novaslim: CLEAN @ 9a7efc4, 3 commits, 0 edit(s): NovaSlim=0
novasquare: CLEAN @ 9b6eb41, 3 commits, 0 edit(s): NovaSquare=0
sixcaps: CLEAN @ db6defb, 3 commits, 0 edit(s): SixCaps=0
smythe: CLEAN @ e4e1866, 3 commits, 0 edit(s): Smythe-Regular=0
tulpenone: CLEAN @ 68206bb, 3 commits, 0 edit(s): TulpenOne-Regular=0
abrilfatface: CLEAN @ f431a0a, 13 commits, 0 edit(s): AbrilFatface-Regular=0
allerta: CLEAN @ bac063d, 17 commits, 0 edit(s): AllertaStencil-Regular=0
puritan: CLEAN @ 6a71b26, 6 commits, 3 edit(s): Puritan-Bold=0; Puritan-BoldItalic=0; Puritan-Italic=0; Puritan-Regular=0
russoone: CLEAN @ 2351cc5, 4 commits, 1 edit(s): RussoOne-Regular=0
patrickhand: CLEAN @ 2f65ac6, 4 commits, 1 edit(s): PatrickHand-Regular=0
nosifer: CLEAN @ 7777099, 4 commits, 1 edit(s): Nosifer-Regular=0
nosifercaps: CLEAN @ b075bc4, 3 commits, 0 edit(s): NosiferCaps-Regular=0
herrvonmuellerhoff: CLEAN @ d3f201a, 3 commits, 0 edit(s): HerrVonMuellerhoff-Regular=0
miama: CLEAN @ 2ff6126, 3 commits, 0 edit(s): Miama-Regular=0
unifrakturcook: CLEAN @ 511adc6, 3 commits, 0 edit(s): UnifrakturCook-Bold=0
corben: CLEAN @ f13c025, 17 commits, 4 edit(s): Corben-Regular=0; Corben-Bold=0
