italiana: CLEAN-UNPUBLISHED-CONVERTER @ 8b0a940, 3 commits, 0 edit(s): Italiana-Regular=0
keaniaone: CLEAN-UNPUBLISHED-CONVERTER @ 2069d3c, 3 commits, 0 edit(s): KeaniaOne-Regular=0
kellyslab: CLEAN-UNPUBLISHED-CONVERTER @ 5496368, 3 commits, 0 edit(s): KellySlab-Regular=0
lovedbytheking: CLEAN-UNPUBLISHED-CONVERTER @ ca16af3, 3 commits, 0 edit(s): LovedbytheKing=0
loveyalikeasister: CLEAN-UNPUBLISHED-CONVERTER @ 9b01c9b, 3 commits, 0 edit(s): LoveYaLikeASister=0
marvel: CLEAN-UNPUBLISHED-CONVERTER @ 7e4f101, 3 commits, 0 edit(s): Marvel-Bold=0; Marvel-BoldItalic=0; Marvel-Italic=0; Marvel-Regular=0
medulaone: CLEAN-UNPUBLISHED-CONVERTER @ c5afd42, 3 commits, 0 edit(s): MedulaOne-Regular=0
meiescript: CLEAN-UNPUBLISHED-CONVERTER @ ce170a2, 3 commits, 0 edit(s): MeieScript-Regular=0
missfajardose: CLEAN-UNPUBLISHED-CONVERTER @ fb5ee55, 3 commits, 0 edit(s): MissFajardose-Regular=0
monsieurladoulaise: CLEAN-UNPUBLISHED-CONVERTER @ 4e97773, 3 commits, 0 edit(s): MonsieurLaDoulaise-Regular=0
mrbedfort: CLEAN-UNPUBLISHED-CONVERTER @ b7c548b, 3 commits, 0 edit(s): MrBedfort-Regular=0
mrdafoe: CLEAN-UNPUBLISHED-CONVERTER @ d47c14b, 3 commits, 0 edit(s): MrDafoe-Regular=0
mrdehaviland: CLEAN-UNPUBLISHED-CONVERTER @ ec94d0b, 3 commits, 0 edit(s): MrDeHaviland-Regular=0
mrssaintdelafield: CLEAN-UNPUBLISHED-CONVERTER @ bb90550, 3 commits, 0 edit(s): MrsSaintDelafield-Regular=0
mrssheppards: CLEAN-UNPUBLISHED-CONVERTER @ cd9e01b, 3 commits, 0 edit(s): MrsSheppards-Regular=0
niconne: CLEAN-UNPUBLISHED-CONVERTER @ cb9c761, 3 commits, 0 edit(s): Niconne-Regular=0
numans: CLEAN-UNPUBLISHED-CONVERTER @ e0f936f, 3 commits, 0 edit(s): Numans-Regular=0
overlock: CLEAN-UNPUBLISHED-CONVERTER @ d8bff03, 3 commits, 0 edit(s): Overlock-Black=0; Overlock-BlackItalic=0; Overlock-Bold=0; Overlock-BoldItalic=0; Overlock-Italic=0; Overlock-Regular=0
overlocksc: CLEAN-UNPUBLISHED-CONVERTER @ 05911aa, 3 commits, 0 edit(s): OverlockSC-Regular=0
overtherainbow: CLEAN-UNPUBLISHED-CONVERTER @ dad59d8, 3 commits, 0 edit(s): OvertheRainbow=0
passionone: CLEAN-UNPUBLISHED-CONVERTER @ 7f92f87, 3 commits, 0 edit(s): PassionOne-Black=0; PassionOne-Bold=0; PassionOne-Regular=0
patuaone: CLEAN-UNPUBLISHED-CONVERTER @ 372f1d4, 3 commits, 0 edit(s): PatuaOne-Regular=0
piedra: CLEAN-UNPUBLISHED-CONVERTER @ a15e994, 3 commits, 0 edit(s): Piedra-Regular=0
pirataone: CLEAN-UNPUBLISHED-CONVERTER @ de340b9, 3 commits, 0 edit(s): PirataOne-Regular=0
portlligatsans: CLEAN-UNPUBLISHED-CONVERTER @ 487f78f, 3 commits, 0 edit(s): PortLligatSans-Regular=0
portlligatslab: CLEAN-UNPUBLISHED-CONVERTER @ 98532bd, 3 commits, 0 edit(s): PortLligatSlab-Regular=0
quantico: CLEAN-UNPUBLISHED-CONVERTER @ 0adde78, 3 commits, 0 edit(s): Quantico-Bold=0; Quantico-BoldItalic=0; Quantico-Italic=0; Quantico-Regular=0
revalia: CLEAN-UNPUBLISHED-CONVERTER @ 44c87f3, 3 commits, 0 edit(s): Revalia-Regular=0
rochester: CLEAN-UNPUBLISHED-CONVERTER @ 3e712d5, 3 commits, 0 edit(s): Rochester-Regular=0
rougescript: CLEAN-UNPUBLISHED-CONVERTER @ 75b9f63, 3 commits, 0 edit(s): RougeScript-Regular=0
rufina: CLEAN-UNPUBLISHED-CONVERTER @ 6ce314b, 3 commits, 0 edit(s): Rufina-Bold=0; Rufina-Regular=0
ruluko: CLEAN-UNPUBLISHED-CONVERTER @ 02d2bc3, 3 commits, 0 edit(s): Ruluko-Regular=0
salsa: CLEAN-UNPUBLISHED-CONVERTER @ cb27c62, 3 commits, 0 edit(s): Salsa-Regular=0
sanchez: CLEAN-UNPUBLISHED-CONVERTER @ 8b4f8da, 3 commits, 0 edit(s): Sanchez-Italic=0; Sanchez-Regular=0
spirax: CLEAN-UNPUBLISHED-CONVERTER @ 17b9642, 3 commits, 0 edit(s): Spirax-Regular=0
squadaone: CLEAN-UNPUBLISHED-CONVERTER @ a7426c9, 3 commits, 0 edit(s): SquadaOne-Regular=0
swankyandmoomoo: CLEAN-UNPUBLISHED-CONVERTER @ 7f9c740, 3 commits, 0 edit(s): SwankyandMooMoo=0
thegirlnextdoor: CLEAN-UNPUBLISHED-CONVERTER @ eeb1b3a, 3 commits, 0 edit(s): TheGirlNextDoor=0
titanone: CLEAN-UNPUBLISHED-CONVERTER @ e1add51, 3 commits, 0 edit(s): TitanOne-Regular=0
trochut: CLEAN-UNPUBLISHED-CONVERTER @ c8b4a15, 3 commits, 0 edit(s): Trochut-Bold=0; Trochut-Italic=0; Trochut-Regular=0
viga: CLEAN-UNPUBLISHED-CONVERTER @ 932b3bf, 3 commits, 0 edit(s): Viga-Regular=0
wendyone: CLEAN-UNPUBLISHED-CONVERTER @ cedbe65, 3 commits, 0 edit(s): WendyOne-Regular=0
