creepstercaps: eddb774fe
herrvonmuellerhoff: 1df6903d5
kristi: da59d0e61
lekton: d67ec9812
miama: 76b80dd4e
monoton: 5b49724c4
nixieone: 8f26266d7
nosifer: 1ddbb559f
nosifercaps: 4f321b8ac
novacut: bd3c17bef
novaflat: 20adaec8f
novamono: 598256120
novaoval: a3afdf859
novaround: 70a8318fa
novascript: 313c1112a
novaslim: c9ed93d33
novasquare: 5fe2e5ff8
patrickhand: f5c91d7d5
puritan: 41adaa5c4
russoone: 8eec82c8b
sixcaps: d3ee6dc7a
smythe: 25115266c
tulpenone: a39ce3bf2
unifrakturcook: 67a101f29
abrilfatface: 623715297
corben: b6e751ba1
allertastencil: 0fa783fea
