creepstercaps: 989829aac
herrvonmuellerhoff: 426bff1fc
kristi: 1cd2f19dd
lekton: 58a4c997a
miama: 4ac22ab81
monoton: d7d6aea37
nixieone: 6d97a60fd
nosifer: a3936c258
nosifercaps: 79be91d0f
novacut: 79f52ff5d
novaflat: ce7e45b03
novamono: d1ecf4fc1
novaoval: b15cebef9
novaround: fc90cbba6
novascript: 0228c18d6
novaslim: f8dfad3b6
novasquare: 18775a7b2
patrickhand: 8f7c52164
puritan: c218e61cf
russoone: 67c3e604c
sixcaps: 0512f050a
smythe: 8632ac084
tulpenone: 386aa456a
unifrakturcook: b8ca42c51
abrilfatface: f86eaeeb1
corben: adb556061
allertastencil: 5d09bd9dc
