mountainsofchristmas/MountainsofChristmas-Bold: apache/mountainsofchristmas/src/MountainsofChristmas-Bold-TTF.sfd <- MountainsofChristmas-Bold (FontName match, -TTF variant; 1 candidate(s))
mountainsofchristmas/MountainsofChristmas-Regular: apache/mountainsofchristmas/src/MountainsofChristmas-Regular-TTF.sfd <- MountainsofChristmas-Regular (FontName match, -TTF variant; 1 candidate(s))
rochester/Rochester-Regular: apache/rochester/src/Rochester-Regular-TTF.sfd <- Rochester-Regular (FontName match, -TTF variant; 1 candidate(s))
smokum/Smokum-Regular: apache/smokum/src/Smokum-Regular-TTF.sfd <- Smokum-Regular (FontName match, -TTF variant; 1 candidate(s))
ultra/Ultra-Regular: apache/ultra/src/Ultra-TTF.sfd <- Ultra-Regular (sole .sfd and sole font, FontName Ultra differs; 0 candidate(s))
yellowtail/Yellowtail-Regular: UNPAIRED -- PostScript name Yellowtail-Regular; .sfd FontNames: src/Yellowtail-Regular-TTF.sfd=None(0)
cardo/Cardo-Bold: old/version-1.000/Cardo-Bold-TTF.sfd <- Cardo-Bold (FontName match, -TTF variant; 1 candidate(s))
cardo/Cardo-Italic: old/version-1.000/Cardo-Italic-TTF.sfd <- Cardo-Italic (FontName match, -TTF variant; 1 candidate(s))
cardo/Cardo-Regular: old/version-1.000/Cardo-Regular-TTF.sfd <- Cardo-Regular (FontName match, -TTF variant; 1 candidate(s))
italiana/Italiana-Regular: ofl/italiana/src/Italiana-Regular-TTF.sfd <- Italiana-Regular (FontName match, -TTF variant; 1 candidate(s))
keaniaone/KeaniaOne-Regular: ofl/keaniaone/src/KeaniaOne-Regular-TTF.sfd <- KeaniaOne-Regular (FontName match, -TTF variant; 1 candidate(s))
kellyslab/KellySlab-Regular: ofl/kellyslab/src/KellySlab-Regular-TTF.sfd <- KellySlab-Regular (FontName match, -TTF variant; 1 candidate(s))
kottaone/KottaOne-Regular: ofl/kottaone/src/KottaOne-Regular-TTF.sfd <- KottaOne-Regular (FontName match, -TTF variant; 1 candidate(s))
ledger/Ledger-Regular: ofl/ledger/src/Ledger-Regular-TTF.sfd <- Ledger-Regular (FontName match, -TTF variant; 1 candidate(s))
lilitaone/LilitaOne-Regular: ofl/lilitaone/src/LilitaOne-Regular-TTF.sfd <- LilitaOne (FontName match, -TTF variant; 1 candidate(s))
limelight/Limelight-Regular: ofl/limelight/src/Limelight-Regular-TTF.sfd <- Limelight-Regular (FontName match, -TTF variant; 2 candidate(s))
lohitbengali/Lohit-Bengali: bengali/Lohit-Bengali.sfd <- Lohit-Bengali (FontName match, only candidate; 1 candidate(s))
lohittamil/Lohit-Tamil: tamil/Lohit-Tamil.sfd <- Lohit-Tamil (FontName match, only candidate; 1 candidate(s))
lovedbytheking/LovedbytheKing: ofl/lovedbytheking/src/LovedbytheKing-TTF.sfd <- LovedbytheKing (FontName match, -TTF variant; 1 candidate(s))
loveyalikeasister/LoveYaLikeASister: ofl/loveyalikeasister/src/LoveYaLikeASister-TTF.sfd <- LoveYaLikeASister-Regular (FontName match, -TTF variant; 1 candidate(s))
lustria/Lustria-Regular: ofl/lustria/src/Lustria-Regular-TTF.sfd <- Lustria-Regular (FontName match, -TTF variant; 1 candidate(s))
macondo/Macondo-Regular: ofl/macondo/src/Macondo-Regular-TTF.sfd <- Macondo-Regular (FontName match, -TTF variant; 1 candidate(s))
magra/Magra-Bold: ofl/magra/src/Magra-Bold-TTF.sfd <- Magra-Bold (FontName match, -TTF variant; 1 candidate(s))
magra/Magra-Regular: ofl/magra/src/Magra-Regular-TTF.sfd <- Magra (FontName match, -TTF variant; 1 candidate(s))
marvel/Marvel-Bold: ofl/marvel/src/Marvel-Bold-TTF.sfd <- Marvel-Bold (FontName match, -TTF variant; 1 candidate(s))
marvel/Marvel-BoldItalic: ofl/marvel/src/Marvel-BoldItalic-TTF.sfd <- Marvel-BoldItalic (FontName match, -TTF variant; 1 candidate(s))
marvel/Marvel-Italic: ofl/marvel/src/Marvel-Italic-TTF.sfd <- Marvel-Italic (FontName match, -TTF variant; 1 candidate(s))
marvel/Marvel-Regular: ofl/marvel/src/Marvel-Regular-TTF.sfd <- Marvel-Regular (FontName match, -TTF variant; 1 candidate(s))
medulaone/MedulaOne-Regular: ofl/medulaone/src/MedulaOne-Regular-TTF.sfd <- MedulaOne-Regular (FontName match, -TTF variant; 1 candidate(s))
megrim/Megrim: ofl/megrim/src/Megrim-TTF.sfd <- Megrim (FontName match, -TTF variant; 1 candidate(s))
meiescript/MeieScript-Regular: ofl/meiescript/src/MeieScript-Regular-TTF.sfd <- MeieScript-Regular (FontName match, -TTF variant; 1 candidate(s))
mergeone/MergeOne-Regular: ofl/mergeone/src/MergeOne-Regular-TTF.sfd <- MergeOne-Regular (FontName match, -TTF variant; 1 candidate(s))
missfajardose/MissFajardose-Regular: ofl/missfajardose/src/MissFajardose-Regular-TTF.sfd <- MissFajardose-Regular (FontName match, -TTF variant; 1 candidate(s))
monsieurladoulaise/MonsieurLaDoulaise-Regular: ofl/monsieurladoulaise/src/MonsieurLaDoulaise-Regular-TTF.sfd <- MonsieurLaDoulaise-Regular (FontName match, -TTF variant; 1 candidate(s))
mrbedfort/MrBedfort-Regular: ofl/mrbedfort/src/MrBedfort-Regular-TTF.sfd <- MrBedfort-Regular (FontName match, -TTF variant; 1 candidate(s))
mrdafoe/MrDafoe-Regular: ofl/mrdafoe/src/MrDafoe-Regular-TTF.sfd <- MrDafoe-Regular (FontName match, -TTF variant; 1 candidate(s))
mrdehaviland/MrDeHaviland-Regular: ofl/mrdehaviland/src/MrDeHaviland-Regular-TTF.sfd <- MrDeHaviland-Regular (FontName match, -TTF variant; 1 candidate(s))
mrssaintdelafield/MrsSaintDelafield-Regular: ofl/mrssaintdelafield/src/MrsSaintDelafield-Regular-TTF.sfd <- MrsSaintDelafield-Regular (FontName match, -TTF variant; 1 candidate(s))
mrssheppards/MrsSheppards-Regular: ofl/mrssheppards/src/MrsSheppards-Regular-TTF.sfd <- MrsSheppards-Regular (FontName match, -TTF variant; 1 candidate(s))
niconne/Niconne-Regular: ofl/niconne/src/Niconne-Regular-TTF.sfd <- Niconne-Regular (sole .sfd and sole font, FontName Nicone-Regular differs; 0 candidate(s))
nothingyoucoulddo/NothingYouCouldDo: ofl/nothingyoucoulddo/src/NothingYouCouldDo-TTF.sfd <- NothingYouCouldDo (FontName match, -TTF variant; 1 candidate(s))
numans/Numans-Regular: ofl/numans/src/Numans-Regular-TTF.sfd <- Numans-Regular (FontName match, -TTF variant; 1 candidate(s))
oleoscript/OleoScript-Bold: ofl/oleoscript/src/OleoScript-Bold-TTF.sfd <- OleoScript-Bold (FontName match, -TTF variant; 1 candidate(s))
oleoscript/OleoScript-Regular: ofl/oleoscript/src/OleoScript-Regular-TTF.sfd <- OleoScript-Regular (FontName match, -TTF variant; 1 candidate(s))
oleoscriptswashcaps/OleoScriptSwashCaps-Bold: ofl/oleoscriptswashcaps/src/OleoScriptSwashCaps-Bold-TTF.sfd <- OleoScriptSwashCaps-Bold (FontName match, -TTF variant; 1 candidate(s))
oleoscriptswashcaps/OleoScriptSwashCaps-Regular: ofl/oleoscriptswashcaps/src/OleoScriptSwashCaps-Regular-TTF.sfd <- OleoScriptSwashCaps-Regular (FontName match, -TTF variant; 1 candidate(s))
overlock/Overlock-Black: ofl/overlock/src/Overlock-Black-TTF.sfd <- Overlock-Black (FontName match, -TTF variant; 1 candidate(s))
overlock/Overlock-BlackItalic: ofl/overlock/src/Overlock-BlackItalic-TTF.sfd <- Overlock-BlackItalic (FontName match, -TTF variant; 1 candidate(s))
overlock/Overlock-Bold: ofl/overlock/src/Overlock-Bold-TTF.sfd <- Overlock-Bold (FontName match, -TTF variant; 1 candidate(s))
overlock/Overlock-BoldItalic: ofl/overlock/src/Overlock-BoldItalic-TTF.sfd <- Overlock-BoldItalic (FontName match, -TTF variant; 1 candidate(s))
overlock/Overlock-Italic: ofl/overlock/src/Overlock-Italic-TTF.sfd <- Overlock-Italic (FontName match, -TTF variant; 1 candidate(s))
overlock/Overlock-Regular: ofl/overlock/src/Overlock-Regular-TTF.sfd <- Overlock-Regular (FontName match, -TTF variant; 1 candidate(s))
overlocksc/OverlockSC-Regular: ofl/overlocksc/src/OverlockSC-Regular-TTF.sfd <- OverlockSC-Regular (FontName match, -TTF variant; 1 candidate(s))
overtherainbow/OvertheRainbow: ofl/overtherainbow/src/OvertheRainbow-TTF.sfd <- OvertheRainbow (FontName match, -TTF variant; 1 candidate(s))
passionone/PassionOne-Black: ofl/passionone/src/PassionOne-Black-SFD.sfd <- PassionOne-Black (FontName match, only candidate; 1 candidate(s))
passionone/PassionOne-Bold: ofl/passionone/src/PassionOne-Bold-SFD.sfd <- PassionOne-Bold (FontName match, only candidate; 1 candidate(s))
passionone/PassionOne-Regular: ofl/passionone/src/PassionOne-Regular-TTF.sfd <- PassionOne-Regular (FontName match, -TTF variant; 1 candidate(s))
patuaone/PatuaOne-Regular: ofl/patuaone/src/PatuaOne-Regular-TTF.sfd <- PatuaOne-Regular (FontName match, -TTF variant; 1 candidate(s))
piedra/Piedra-Regular: ofl/piedra/src/Piedra-Regular-TTF.sfd <- Piedra-Regular (FontName match, -TTF variant; 1 candidate(s))
pirataone/PirataOne-Regular: ofl/pirataone/src/PirataOne-Regular-TTF.sfd <- PirataOne-Regular (FontName match, -TTF variant; 1 candidate(s))
poly/Poly-Italic: ofl/poly/src/Poly-Italic-TTF.sfd <- Poly-Italic (FontName match, -TTF variant; 1 candidate(s))
poly/Poly-Regular: ofl/poly/src/Poly-Regular-TTF.sfd <- Poly-Regular (FontName match, -TTF variant; 1 candidate(s))
portlligatsans/PortLligatSans-Regular: ofl/portlligatsans/src/PortLligatSans-Regular-TTF.sfd <- PortLligatSans-Regular (FontName match, -TTF variant; 1 candidate(s))
portlligatslab/PortLligatSlab-Regular: ofl/portlligatslab/src/PortLligatSlab-Regular-TTF.sfd <- PortLligatSlab-Regular (FontName match, -TTF variant; 1 candidate(s))
quantico/Quantico-Bold: ofl/quantico/src/Quantico-Bold-TTF.sfd <- Quantico-Bold (FontName match, -TTF variant; 1 candidate(s))
quantico/Quantico-BoldItalic: ofl/quantico/src/Quantico-BoldItalic-TTF.sfd <- Quantico-BoldItalic (FontName match, -TTF variant; 1 candidate(s))
quantico/Quantico-Italic: ofl/quantico/src/Quantico-Italic-TTF.sfd <- Quantico-Italic (FontName match, -TTF variant; 1 candidate(s))
quantico/Quantico-Regular: ofl/quantico/src/Quantico-Regular-TTF.sfd <- Quantico-Regular (FontName match, -TTF variant; 1 candidate(s))
rambla/Rambla-Bold: ofl/rambla/src/Rambla-Bold-TTF.sfd <- Rambla-Bold (FontName match, -TTF variant; 1 candidate(s))
rambla/Rambla-BoldItalic: ofl/rambla/src/Rambla-BoldItalic-TTF.sfd <- Rambla-BoldItalic (FontName match, -TTF variant; 1 candidate(s))
rambla/Rambla-Italic: ofl/rambla/src/Rambla-Regular-Italic-TTF.sfd <- Rambla-Italic (FontName match, -TTF variant; 1 candidate(s))
rambla/Rambla-Regular: ofl/rambla/src/Rambla-Regular-TTF.sfd <- Rambla-Regular (FontName match, -TTF variant; 1 candidate(s))
revalia/Revalia-Regular: ofl/revalia/src/Revalia-Regular-TTF.sfd <- Revalia-Regular (FontName match, -TTF variant; 1 candidate(s))
ribeyemarrow/RibeyeMarrow-Regular: ofl/ribeyemarrow/src/RibeyeMarrow-Regular-TTF.sfd <- RibeyeMarrow-Regular (FontName match, -TTF variant; 1 candidate(s))
rosarivo/Rosarivo-Italic: ofl/rosarivo/src/Rosarivo-Italic-TTF.sfd <- Rosarivo-Italic (FontName match, -TTF variant; 1 candidate(s))
rosarivo/Rosarivo-Regular: ofl/rosarivo/src/Rosarivo-Regular-TTF.sfd <- Rosarivo-Regular (FontName match, -TTF variant; 1 candidate(s))
rougescript/RougeScript-Regular: ofl/rougescript/src/RougeScript-Regular-TTF.sfd <- RougeScript-Regular (FontName match, -TTF variant; 1 candidate(s))
rufina/Rufina-Bold: ofl/rufina/src/Rufina-Bold-TTF.sfd <- Rufina-Bold (FontName match, -TTF variant; 1 candidate(s))
rufina/Rufina-Regular: ofl/rufina/src/Rufina-Regular-TTF.sfd <- Rufina-Regular (FontName match, -TTF variant; 1 candidate(s))
ruluko/Ruluko-Regular: ofl/ruluko/src/Ruluko-Regular-TTF.sfd <- Ruluko (FontName match, -TTF variant; 1 candidate(s))
sail/Sail-Regular: ofl/sail/src/Sail-Regular-TTF.sfd <- Sail-Regular (FontName match, -TTF variant; 1 candidate(s))
salsa/Salsa-Regular: ofl/salsa/src/Salsa-Regular-TTF.sfd <- Salsa-Regular (FontName match, -TTF variant; 1 candidate(s))
sanchez/Sanchez-Italic: ofl/sanchez/src/Sanchez-Italic-TTF.sfd <- Sanchez-Italic (FontName match, -TTF variant; 1 candidate(s))
sanchez/Sanchez-Regular: ofl/sanchez/src/Sanchez-Regular-TTF.sfd <- Sanchez-Regular (FontName match, -TTF variant; 1 candidate(s))
spirax/Spirax-Regular: ofl/spirax/src/Spirax-Regular-TTF.sfd <- Spirax-Regular (FontName match, -TTF variant; 1 candidate(s))
squadaone/SquadaOne-Regular: ofl/squadaone/src/SquadaOne-Regular-TTF.sfd <- SquadaOne-Regular (FontName match, -TTF variant; 1 candidate(s))
swankyandmoomoo/SwankyandMooMoo: ofl/swankyandmoomoo/src/SwankyandMooMoo-TTF.sfd <- SwankyandMooMoo (FontName match, -TTF variant; 1 candidate(s))
textmeone/TextMeOne-Regular: ofl/textmeone/src/TextMeOne-Regular-TTF.sfd <- TextMeOne-Regular (FontName match, -TTF variant; 1 candidate(s))
thabit/Thabit-Bold: ofl/thabit/src/Thabit-Bold.sfd <- Thabit-Bold (FontName match, only candidate; 1 candidate(s))
thabit/Thabit-BoldOblique: UNPAIRED -- PostScript name Thabit-Bold-Oblique; .sfd FontNames: src/Thabit-Bold.sfd=Thabit-Bold(310), src/Thabit.sfd=Thabit(308)
thabit/Thabit-Oblique: UNPAIRED -- PostScript name Thabit-Oblique; .sfd FontNames: src/Thabit-Bold.sfd=Thabit-Bold(310), src/Thabit.sfd=Thabit(308)
thabit/Thabit: ofl/thabit/src/Thabit.sfd <- Thabit (FontName match, only candidate; 1 candidate(s))
thegirlnextdoor/TheGirlNextDoor: ofl/thegirlnextdoor/src/TheGirlNextDoor-TTF.sfd <- TheGirlNextDoor (FontName match, -TTF variant; 1 candidate(s))
titanone/TitanOne-Regular: ofl/titanone/src/TitanOne-Regular-TTF.sfd <- TitanOne (FontName match, -TTF variant; 1 candidate(s))
titilliumweb/TitilliumWeb-Black: ofl/titilliumweb/src/TitilliumWeb-Black-TTF.sfd <- TitilliumWeb-Black (FontName match, -TTF variant; 1 candidate(s))
titilliumweb/TitilliumWeb-Bold: ofl/titilliumweb/src/TitilliumWeb-Bold-TTF.sfd <- TitilliumWeb-Bold (FontName match, -TTF variant; 1 candidate(s))
titilliumweb/TitilliumWeb-BoldItalic: ofl/titilliumweb/src/TitilliumWeb-BoldItalic-TTF.sfd <- TitilliumWeb-BoldItalic (FontName match, -TTF variant; 1 candidate(s))
titilliumweb/TitilliumWeb-ExtraLight: UNPAIRED -- PostScript name TitilliumWeb-ExtraLight; .sfd FontNames: src/TitilliumWeb-Black-TTF.sfd=TitilliumWeb-Black(456), src/TitilliumWeb-Bold-TTF.sfd=TitilliumWeb-Bold(456), src/TitilliumWeb-BoldItalic-TTF.sfd=TitilliumWeb-BoldItalic(456), src/TitilliumWeb-Italic-TTF.sfd=TitilliumWeb-Italic(456), src/TitilliumWeb-Light-TTF.sfd=TitilliumWeb-Light(456), src/TitilliumWeb-LightItalic-TTF.sfd=TitilliumWeb-LightItalic(456), src/TitilliumWeb-Regular-TTF.sfd=TitilliumWeb-Regular(456), src/TitilliumWeb-SemiBold-TTF.sfd=TitilliumWeb-SemiBold(456), src/TitilliumWeb-SemiBoldItalic-TTF.sfd=TitilliumWeb-SemiBoldItalic(456), src/TitilliumWeb-Thin-TTF.sfd=TitilliumWeb-Thin(456), src/TitilliumWeb-ThinItalic-TTF.sfd=TitilliumWeb-ThinItalic(456)
titilliumweb/TitilliumWeb-ExtraLightItalic: UNPAIRED -- PostScript name TitilliumWeb-ExtraLightItalic; .sfd FontNames: src/TitilliumWeb-Black-TTF.sfd=TitilliumWeb-Black(456), src/TitilliumWeb-Bold-TTF.sfd=TitilliumWeb-Bold(456), src/TitilliumWeb-BoldItalic-TTF.sfd=TitilliumWeb-BoldItalic(456), src/TitilliumWeb-Italic-TTF.sfd=TitilliumWeb-Italic(456), src/TitilliumWeb-Light-TTF.sfd=TitilliumWeb-Light(456), src/TitilliumWeb-LightItalic-TTF.sfd=TitilliumWeb-LightItalic(456), src/TitilliumWeb-Regular-TTF.sfd=TitilliumWeb-Regular(456), src/TitilliumWeb-SemiBold-TTF.sfd=TitilliumWeb-SemiBold(456), src/TitilliumWeb-SemiBoldItalic-TTF.sfd=TitilliumWeb-SemiBoldItalic(456), src/TitilliumWeb-Thin-TTF.sfd=TitilliumWeb-Thin(456), src/TitilliumWeb-ThinItalic-TTF.sfd=TitilliumWeb-ThinItalic(456)
titilliumweb/TitilliumWeb-Italic: ofl/titilliumweb/src/TitilliumWeb-Italic-TTF.sfd <- TitilliumWeb-Italic (FontName match, -TTF variant; 1 candidate(s))
titilliumweb/TitilliumWeb-Light: ofl/titilliumweb/src/TitilliumWeb-Light-TTF.sfd <- TitilliumWeb-Light (FontName match, -TTF variant; 1 candidate(s))
titilliumweb/TitilliumWeb-LightItalic: ofl/titilliumweb/src/TitilliumWeb-LightItalic-TTF.sfd <- TitilliumWeb-LightItalic (FontName match, -TTF variant; 1 candidate(s))
titilliumweb/TitilliumWeb-Regular: ofl/titilliumweb/src/TitilliumWeb-Regular-TTF.sfd <- TitilliumWeb-Regular (FontName match, -TTF variant; 1 candidate(s))
titilliumweb/TitilliumWeb-SemiBold: ofl/titilliumweb/src/TitilliumWeb-SemiBold-TTF.sfd <- TitilliumWeb-SemiBold (FontName match, -TTF variant; 1 candidate(s))
titilliumweb/TitilliumWeb-SemiBoldItalic: ofl/titilliumweb/src/TitilliumWeb-SemiBoldItalic-TTF.sfd <- TitilliumWeb-SemiBoldItalic (FontName match, -TTF variant; 1 candidate(s))
trochut/Trochut-Bold: ofl/trochut/src/Trochut-Bold-TTF.sfd <- Trochut-Bold (FontName match, -TTF variant; 1 candidate(s))
trochut/Trochut-Italic: ofl/trochut/src/Trochut-Italic-TTF.sfd <- Trochut-Italic (FontName match, -TTF variant; 1 candidate(s))
trochut/Trochut-Regular: ofl/trochut/src/Trochut-Regular-TTF.sfd <- Trochut (FontName match, -TTF variant; 1 candidate(s))
varela/Varela-Regular: ofl/varela/src/Varela-Regular-TTF.sfd <- Varela (FontName match, -TTF variant; 1 candidate(s))
viga/Viga-Regular: ofl/viga/src/Viga-Regular-TTF.sfd <- Viga-Regular (FontName match, -TTF variant; 1 candidate(s))
wallpoet/Wallpoet-Regular: ofl/wallpoet/src/Wallpoet-Regular-TTF.sfd <- Wallpoet (FontName match, -TTF variant; 1 candidate(s))
wendyone/WendyOne-Regular: ofl/wendyone/src/WendyOne-Regular-TTF.sfd <- WendyOne-Regular (FontName match, -TTF variant; 1 candidate(s))
