italiana             VERIFIED
keaniaone            VERIFIED
kellyslab            VERIFIED
lovedbytheking       VERIFIED
loveyalikeasister    VERIFIED
marvel               VERIFIED
medulaone            VERIFIED
meiescript           VERIFIED
missfajardose        VERIFIED
monsieurladoulaise   VERIFIED
mrbedfort            VERIFIED
mrdafoe              VERIFIED
mrdehaviland         VERIFIED
mrssaintdelafield    VERIFIED
mrssheppards         VERIFIED
niconne              VERIFIED
numans               VERIFIED
overlock             VERIFIED
overlocksc           VERIFIED
overtherainbow       VERIFIED
passionone           VERIFIED
patuaone             VERIFIED
piedra               VERIFIED
pirataone            VERIFIED
portlligatsans       VERIFIED
portlligatslab       VERIFIED
quantico             VERIFIED
revalia              VERIFIED
rochester            VERIFIED
rougescript          VERIFIED
rufina               VERIFIED
ruluko               VERIFIED
salsa                VERIFIED
sanchez              VERIFIED
spirax               VERIFIED
squadaone            VERIFIED
swankyandmoomoo      VERIFIED
thegirlnextdoor      VERIFIED
titanone             VERIFIED
trochut              VERIFIED
viga                 VERIFIED
wendyone             VERIFIED
