lekton               VERIFIED
creepstercaps        VERIFIED
kristi               VERIFIED
monoton              VERIFIED
nixieone             VERIFIED
novacut              VERIFIED
novaflat             VERIFIED
novamono             VERIFIED
novaoval             VERIFIED
novaround            VERIFIED
novascript           VERIFIED
novaslim             VERIFIED
novasquare           VERIFIED
sixcaps              VERIFIED
smythe               VERIFIED
tulpenone            VERIFIED
abrilfatface         VERIFIED
allerta              VERIFIED
puritan              VERIFIED
russoone             VERIFIED
patrickhand          VERIFIED
nosifer              VERIFIED
nosifercaps          VERIFIED
herrvonmuellerhoff   VERIFIED
