thabit: RESIDUAL-UNPUBLISHED-CONVERTER @ d033ecb, 27 commits, 24 edit(s): Thabit-Bold=3 functional=FAIL(shaping+rendering+names+advances); Thabit=3 functional=FAIL(shaping+rendering+names+advances); Thabit-Oblique=3 functional=FAIL(shaping+rendering+names+line_spacing+advances); Thabit-BoldOblique=3 functional=FAIL(shaping+rendering+names+line_spacing+advances)
   Thabit-Bold BLOCKING PfEd: whole-table difference
   Thabit-Bold BLOCKING head.font_direction_hint [0, 2]
   Thabit-Bold BLOCKING hmtx.1 bearings differ though both fonts agree with their own outlines -- the outlines differ, widest 17 unit(s) at .notdef (release 34, ours 51)
     cmap         PASS 734 codepoints, exact
     shaping      FAIL 834830 runs shaped, 7178 differ
         - default features, base+mark: 539 of 4248 runs differ
         - default features, base+mark+mark: 156 of 768 runs differ
         - default features, words: 5004 of 622112 runs differ
         - ... 5 more
     rendering    FAIL diffenator3 69 glyph / 193 word diffs (0 / 44 confirmed); 1 of 317 changed outlines draw different ink
         - diffenator3: 44 word(s) render differently (>8 px at 16 ppem), confirmed: 'الْإِنْجِيلِ' 379px, 'والمجلَّات' 328px, 'الإٍسلام،' 317px, 'وبابِلّا' 283px, 'أجيالًا' 280px
         - 1 glyph outline(s) draw ink more than rounding apart (FreeType unhinted, 128 ppem = 8 units/px, > 4 px at coverage fuzz 64): .notdef 2889px
     names        FAIL IDs 1 2 4 6 16 17 21 22 differ (7)
         - name ID 1 (3,1,0xC01): release 'ثابت', build None
         - name ID 2 (3,1,0xC01): release 'عريض', build None
         - name ID 4 (3,1,0xC01): release 'ثابت', build None
         - ... 4 more
     line_spacing PASS per-platform ascender/descender/gap equal
     advances     FAIL 762 glyph advances compared, 1 differ
         - 1 advance width(s) differ (release/build): .notdef 374/512
     gdef         PASS GDEF present/present; 0 class difference(s) shaping reads, 0 it does not
   Thabit BLOCKING PfEd: whole-table difference
   Thabit BLOCKING head.font_direction_hint [0, 2]
   Thabit BLOCKING hmtx.1 bearings differ though both fonts agree with their own outlines -- the outlines differ, widest 17 unit(s) at .notdef (release 34, ours 51)
     cmap         PASS 733 codepoints, exact
     shaping      FAIL 858532 runs shaped, 7910 differ
         - default features, base+mark: 1047 of 4248 runs differ
         - default features, base+mark+mark: 156 of 768 runs differ
         - default features, words: 5177 of 622112 runs differ
         - ... 5 more
     rendering    FAIL diffenator3 95 glyph / 195 word diffs (0 / 47 confirmed); 1 of 447 changed outlines draw different ink
         - diffenator3: 47 word(s) render differently (>8 px at 16 ppem), confirmed: 'الْإِنْجِيلِ' 351px, 'والمجلَّات' 281px, 'الإٍسلام،' 269px, 'أجيالًا' 254px, 'وبابِلّا' 246px
         - 1 glyph outline(s) draw ink more than rounding apart (FreeType unhinted, 128 ppem = 8 units/px, > 4 px at coverage fuzz 64): .notdef 2889px
     names        FAIL IDs 1 2 4 6 16 17 21 22 differ (7)
         - name ID 1 (3,1,0xC01): release 'ثابت', build None
         - name ID 2 (3,1,0xC01): release 'عادي', build None
         - name ID 4 (3,1,0xC01): release 'ثابت', build None
         - ... 4 more
     line_spacing PASS per-platform ascender/descender/gap equal
     advances     FAIL 761 glyph advances compared, 1 differ
         - 1 advance width(s) differ (release/build): .notdef 374/512
     gdef         PASS GDEF present/present; 0 class difference(s) shaping reads, 0 it does not
   Thabit-Oblique BLOCKING PfEd: whole-table difference
   Thabit-Oblique BLOCKING head.font_direction_hint [0, 2]
   Thabit-Oblique BLOCKING hmtx.1 bearings differ though both fonts agree with their own outlines -- the outlines differ, widest 17 unit(s) at .notdef (release 34, ours 51)
     cmap         PASS 733 codepoints, exact
     shaping      FAIL 857614 runs shaped, 11607 differ
         - default features, base+mark: 1396 of 4248 runs differ
         - default features, base+mark+mark: 214 of 768 runs differ
         - default features, words: 7728 of 622112 runs differ
         - ... 5 more
     rendering    FAIL diffenator3 92 glyph / 185 word diffs (1 / 48 confirmed); 2 of 530 changed outlines draw different ink
         - diffenator3: 1 encoded glyph(s) render differently (>16 px at 32 ppem), confirmed: U+03A6 18px
         - diffenator3: 48 word(s) render differently (>8 px at 16 ppem), confirmed: 'الْإِنْجِيلِ' 342px, 'والمجلَّات' 285px, 'بالإِصْدارِ' 277px, 'أجيالًا' 255px, 'وبابِلّا' 252px
         - 2 glyph outline(s) draw ink more than rounding apart (FreeType unhinted, 128 ppem = 8 units/px, > 4 px at coverage fuzz 64): .notdef 2889px, Phi 5px
     names        FAIL IDs 1 2 4 6 16 17 21 22 differ (7)
         - name ID 1 (3,1,0xC01): release 'ثابت', build None
         - name ID 2 (3,1,0xC01): release 'مائل', build None
         - name ID 4 (3,1,0xC01): release 'ثابت', build None
         - ... 4 more
     line_spacing FAIL per-platform ascender/descender/gap equal
         - fsSelection: ITALIC lost, REGULAR gained
         - head.macStyle italic: release 1, build 0
     advances     FAIL 761 glyph advances compared, 1 differ
         - 1 advance width(s) differ (release/build): .notdef 374/512
     gdef         PASS GDEF present/present; 0 class difference(s) shaping reads, 0 it does not
   Thabit-BoldOblique BLOCKING PfEd: whole-table difference
   Thabit-BoldOblique BLOCKING head.font_direction_hint [0, 2]
   Thabit-BoldOblique BLOCKING hmtx.1 bearings differ though both fonts agree with their own outlines -- the outlines differ, widest 17 unit(s) at .notdef (release 34, ours 51)
     cmap         PASS 734 codepoints, exact
     shaping      FAIL 834148 runs shaped, 11214 differ
         - default features, base+mark: 923 of 4248 runs differ
         - default features, base+mark+mark: 235 of 768 runs differ
         - default features, words: 7786 of 622112 runs differ
         - ... 5 more
     rendering    FAIL diffenator3 98 glyph / 177 word diffs (0 / 47 confirmed); 1 of 535 changed outlines draw different ink
         - diffenator3: 47 word(s) render differently (>8 px at 16 ppem), confirmed: 'الْإِنْجِيلِ' 376px, 'والمجلَّات' 329px, 'بالإِصْدارِ' 310px, 'وبابِلّا' 291px, 'أجيالًا' 282px
         - 1 glyph outline(s) draw ink more than rounding apart (FreeType unhinted, 128 ppem = 8 units/px, > 4 px at coverage fuzz 64): .notdef 2889px
     names        FAIL IDs 1 2 4 6 16 17 21 22 differ (7)
         - name ID 1 (3,1,0xC01): release 'ثابت', build None
         - name ID 2 (3,1,0xC01): release 'عريض مائل', build None
         - name ID 4 (3,1,0xC01): release 'ثابت', build None
         - ... 4 more
     line_spacing FAIL per-platform ascender/descender/gap equal
         - fsSelection: ITALIC lost, BOLD lost, REGULAR gained
         - head.macStyle bold: release 1, build 0
         - head.macStyle italic: release 1, build 0
     advances     FAIL 762 glyph advances compared, 1 differ
         - 1 advance width(s) differ (release/build): .notdef 374/512
     gdef         PASS GDEF present/present; 0 class difference(s) shaping reads, 0 it does not
