comicrelief: RESIDUAL-UNPUBLISHED-CONVERTER @ fc825a3, 57 commits, 1 edit(s): ComicRelief-Regular=1 functional=FAIL(rendering+names+line_spacing); ComicRelief-Bold=1 functional=FAIL(rendering+names+line_spacing)
   ComicRelief-Regular BLOCKING post.underline_position [-97, -272]
     cmap         PASS 599 codepoints, exact
     shaping      PASS 775120 runs shaped, 0 differ
     rendering    FAIL diffenator3 1 glyph / 0 word diffs (1 / 0 confirmed); 52 of 600 changed outlines draw different ink
         - diffenator3: 1 encoded glyph(s) render differently (>16 px at 32 ppem), confirmed: U+042F 22px
         - 52 glyph outline(s) draw ink more than rounding apart (FreeType unhinted, 256 ppem = 8 units/px, > 4 px at coverage fuzz 64): afii10049 273px, afii10047 153px, afii10053 150px, Omegatonos 117px, afii10025 116px
     names        FAIL IDs 1 2 4 6 16 17 21 22 differ (73)
         - name ID 2 (3,1,0x403): release 'Normal', build None
         - name ID 17 (3,1,0x403) as read: release 'Normal', build None
         - name ID 22 (3,1,0x403) as read: release 'Normal', build None
         - ... 70 more
     line_spacing FAIL per-platform ascender/descender/gap equal
         - post.underlinePosition: release -97, build -272
     advances     PASS 602 glyph advances compared, 0 differ
     gdef         PASS GDEF present/present; 0 class difference(s) shaping reads, 0 it does not
   ComicRelief-Bold BLOCKING post.underline_position [-97, -272]
     cmap         PASS 599 codepoints, exact
     shaping      PASS 775120 runs shaped, 0 differ
     rendering    FAIL diffenator3 146 glyph / 207 word diffs (146 / 207 confirmed); 501 of 600 changed outlines draw different ink
         - diffenator3: 146 encoded glyph(s) render differently (>16 px at 32 ppem), confirmed: U+0409 799px, U+007D 402px, U+0424 55px, U+03A6 55px, U+014F 51px
         - diffenator3: 207 word(s) render differently (>8 px at 16 ppem), confirmed: '0123456789,,,pnum' 125px, '0123456789,,,sinf' 119px, '1/234,latn,dflt,frac' 61px, '0,,,zero' 39px, 'ГАЛОЎПРАФАДУКАЦЫІ' 84px
         - 501 glyph outline(s) draw ink more than rounding apart (FreeType unhinted, 256 ppem = 8 units/px, > 4 px at coverage fuzz 64): afii10038 378px, Phi 378px, six 350px, paragraph 348px, eight 328px
     names        FAIL IDs 1 2 4 6 16 17 21 22 differ (72)
         - name ID 2 (3,1,0x403): release 'Negreta', build None
         - name ID 17 (3,1,0x403) as read: release 'Negreta', build None
         - name ID 22 (3,1,0x403) as read: release 'Negreta', build None
         - ... 69 more
     line_spacing FAIL per-platform ascender/descender/gap equal
         - post.underlinePosition: release -97, build -272
     advances     PASS 602 glyph advances compared, 0 differ
     gdef         PASS GDEF present/present; 0 class difference(s) shaping reads, 0 it does not
