lohittamil: RESIDUAL-UNPUBLISHED-CONVERTER @ dd8d165, 272 commits, 0 edit(s): Lohit-Tamil=8 functional=FAIL(shaping+rendering+advances)
   Lohit-Tamil BLOCKING OS/2.panose_10 {"1": [0, 11]}
   Lohit-Tamil BLOCKING hmtx.u0BC1 {"width": [532, 0]}
   Lohit-Tamil BLOCKING hmtx.u0BC2 {"width": [776, 0]}
   Lohit-Tamil BLOCKING hmtx.u0BEA {"width": [663, 746]}
   Lohit-Tamil BLOCKING hmtx.u0BEC {"width": [829, 941]}
   Lohit-Tamil BLOCKING hmtx.u0BED {"width": [768, 802]}
     cmap         PASS 134 codepoints, exact
     shaping      FAIL 145355 runs shaped, 4108 differ
         - default features, singles: 12 of 134 runs differ
         - default features, pairs: 896 of 3600 runs differ
         - default features, base+mark: 183 of 854 runs differ
         - ... 9 more
     rendering    FAIL diffenator3 10 glyph / 13 word diffs (10 / 13 confirmed); 16 of 188 changed outlines draw different ink
         - diffenator3: 10 encoded glyph(s) render differently (>16 px at 32 ppem), confirmed: U+0BF9 564px, U+0BEB 430px, U+0BEE 363px, U+0BF0 257px, U+0BE6 172px
         - diffenator3: 13 word(s) render differently (>8 px at 16 ppem), confirmed: 'ஃஃபர்ஸ்ட்' 446px, 'ஃபோர்க்ஸ்ஸூக்குத்' 402px, 'ஃஏன்பரி' 332px, 'ஃஇன்ஹுவாய்' 251px, 'ஔதபுரீஸ்வரர்' 18px
         - 16 glyph outline(s) draw ink more than rounding apart (FreeType unhinted, 128 ppem = 8 units/px, > 4 px at coverage fuzz 64): u0BF9 4971px, u0BEB 3501px, u0BEE 3089px, u0BF0 2737px, u0BB6_u0BBF.abvs 2403px
     names        PASS IDs 1 2 4 6 16 17 21 22 equal
     line_spacing PASS per-platform ascender/descender/gap equal
     advances     FAIL 245 glyph advances compared, 13 differ
         - 13 advance width(s) differ (release/build): asterisk 666/559, u0BB6_u0BBF.abvs 1051/1223, u0BC1 532/0, u0BC2 776/0, u0BE6 585/636, u0BEA 663/746, u0BEB 897/1055, u0BEC 829/941, u0BED 768/802, u0BEE 1020/1142, u0BEF 946/987, u0BF0 661/823, u0BF9 1231/1587
     gdef         PASS GDEF present/present; 0 class difference(s) shaping reads, 0 it does not
