KottaOne-Regular: CLEAN 0
Macondo-Regular: CLEAN 0
Rosarivo-Italic: CLEAN 0
KottaOne-Regular: CLEAN 0
Ledger-Regular: CLEAN 0
LilitaOne-Regular: CLEAN 0
Lustria-Regular: CLEAN 0
Macondo-Regular: CLEAN 0
Magra-Bold: BLOCKING 1
MergeOne-Regular: CLEAN 0
OleoScript-Bold: BLOCKING 1
OleoScript-Regular: CLEAN 0
OleoScriptSwashCaps-Bold: BLOCKING 1
OleoScriptSwashCaps-Regular: CLEAN 0
Rambla-Bold: BLOCKING 1
Rambla-BoldItalic: BLOCKING 1
Rosarivo-Italic: CLEAN 0
Sail-Regular: CLEAN 0
TextMeOne-Regular: CLEAN 0
Magra-Bold: CLEAN 0
OleoScript-Bold: CLEAN 0
OleoScriptSwashCaps-Bold: CLEAN 0
Rambla-Bold: CLEAN 0
Rambla-BoldItalic: CLEAN 0
Magra-Regular: CLEAN 0
Rambla-Italic: CLEAN 0
Rambla-Regular: CLEAN 0
Rosarivo-Regular: CLEAN 0
