[2026-09-23T22:54:04Z ERROR fontc::workload] task 'Be(GlyfFragment(obreve))' failed: ''obreve' has interpolation-incompatible paths'
[2026-09-23T22:54:04Z ERROR fontc::workload] task 'Be(GlyfFragment(e-cy))' failed: ''e-cy' has interpolation-incompatible paths'
[2026-09-23T22:54:04Z ERROR fontc::workload] task 'Be(GlyfFragment(six.sinf))' failed: ''six.sinf' has interpolation-incompatible paths'
[2026-09-23T22:54:04Z ERROR fontc::workload] task 'Be(GlyfFragment(fourninths))' failed: ''fourninths' has interpolation-incompatible paths'
[2026-09-23T22:54:04Z ERROR fontc::workload] task 'Be(GlyfFragment(ampersand.smcp))' failed: ''ampersand.smcp' has interpolation-incompatible paths'
[2026-09-23T22:54:04Z ERROR fontc::workload] task 'Be(GlyfFragment(Chedescenderabkhasian-cy))' failed: ''Chedescenderabkhasian-cy' has interpolation-incompatible paths'
[2026-09-23T22:54:04Z ERROR fontc::workload] task 'Be(GlyfFragment(eightinferior))' failed: ''eightinferior' has interpolation-incompatible paths'
[2026-09-23T22:54:04Z ERROR fontc::workload] task 'Be(GlyfFragment(Uring))' failed: ''Uring' has interpolation-incompatible paths'
[2026-09-23T22:54:04Z ERROR fontc::workload] task 'Be(GlyfFragment(gcommaaccent.smcp))' failed: ''gcommaaccent.smcp' has interpolation-incompatible paths'
[2026-09-23T22:54:04Z ERROR fontc::workload] task 'Be(GlyfFragment(aacute.smcp))' failed: ''aacute.smcp' has interpolation-incompatible paths'
[2026-09-23T22:54:04Z ERROR fontc::workload] task 'Be(GlyfFragment(OE))' failed: ''OE' has interpolation-incompatible paths'
[2026-09-23T22:54:04Z ERROR fontc::workload] task 'Be(GlyfFragment(Lje-cy))' failed: ''Lje-cy' has interpolation-incompatible paths'
[2026-09-23T22:54:04Z ERROR fontc::workload] task 'Be(GlyfFragment(lje-cy))' failed: ''lje-cy' has interpolation-incompatible paths'
[2026-09-23T22:54:04Z ERROR fontc::workload] task 'Be(GlyfFragment(ampersand))' failed: ''ampersand' has interpolation-incompatible paths'
[2026-09-23T22:54:04Z ERROR fontc::workload] task 'Be(GlyfFragment(umacron.smcp))' failed: ''umacron.smcp' has interpolation-incompatible paths'
[2026-09-23T22:54:04Z ERROR fontc::workload] task 'Be(GlyfFragment(braceleft.smcp))' failed: ''braceleft.smcp' has interpolation-incompatible paths'
[2026-09-23T22:54:04Z ERROR fontc::workload] task 'Be(GlyfFragment(Kabashkir-cy))' failed: ''Kabashkir-cy' has interpolation-incompatible paths'
[2026-09-23T22:54:04Z ERROR fontc::workload] task 'Be(GlyfFragment(omacron))' failed: ''omacron' has interpolation-incompatible paths'
[2026-09-23T22:54:04Z ERROR fontc::workload] task 'Be(GlyfFragment(p))' failed: ''p' has interpolation-incompatible paths'
[2026-09-23T22:54:04Z ERROR fontc::workload] task 'Be(GlyfFragment(eight.osf))' failed: ''eight.osf' has interpolation-incompatible paths'
[2026-09-23T22:54:04Z ERROR fontc::workload] task 'Be(GlyfFragment(Gdotaccent))' failed: ''Gdotaccent' has interpolation-incompatible paths'
[2026-09-23T22:54:04Z ERROR fontc::workload] task 'Be(GlyfFragment(we-cy))' failed: ''we-cy' has interpolation-incompatible paths'
[2026-09-23T22:54:04Z ERROR fontc::workload] task 'Be(GlyfFragment(We-cy))' failed: ''We-cy' has interpolation-incompatible paths'
[2026-09-23T22:54:04Z ERROR fontc::workload] task 'Be(GlyfFragment(udieresis))' failed: ''udieresis' has interpolation-incompatible paths'
[2026-09-23T22:54:04Z ERROR fontc::workload] task 'Be(GlyfFragment(qa-cy))' failed: ''qa-cy' has interpolation-incompatible paths'
[2026-09-23T22:54:04Z ERROR fontc::workload] task 'Be(GlyfFragment(Obreve))' failed: ''Obreve' has interpolation-incompatible paths'
[2026-09-23T22:54:04Z ERROR fontc::workload] task 'Be(GlyfFragment(wgrave))' failed: ''wgrave' has interpolation-incompatible paths'
[2026-09-23T22:54:04Z ERROR fontc::workload] task 'Be(GlyfFragment(euro.smcp))' failed: ''euro.smcp' has interpolation-incompatible paths'
[2026-09-23T22:54:04Z ERROR fontc::workload] task 'Be(GlyfFragment(dzeabkhasian-cy))' failed: ''dzeabkhasian-cy' has interpolation-incompatible paths'
[2026-09-23T22:54:04Z ERROR fontc::workload] task 'Be(GlyfFragment(iu-cy))' failed: ''iu-cy' has interpolation-incompatible paths'
[2026-09-23T22:54:04Z ERROR fontc::workload] task 'Be(GlyfFragment(b.smcp))' failed: ''b.smcp' has interpolation-incompatible paths'
[2026-09-23T22:54:04Z ERROR fontc::workload] task 'Be(GlyfFragment(oacute.smcp))' failed: ''oacute.smcp' has interpolation-incompatible paths'
[2026-09-23T22:54:04Z ERROR fontc::workload] task 'Be(GlyfFragment(Kastroke-cy))' failed: ''Kastroke-cy' has interpolation-incompatible paths'
[2026-09-23T22:54:04Z ERROR fontc::workload] task 'Be(GlyfFragment(ncaron))' failed: ''ncaron' has interpolation-incompatible paths'
[2026-09-23T22:54:04Z ERROR fontc::workload] task 'Be(GlyfFragment(aring))' failed: ''aring' has interpolation-incompatible paths'
[2026-09-23T22:54:04Z ERROR fontc::workload] task 'Be(GlyfFragment(w))' failed: ''w' has interpolation-incompatible paths'
[2026-09-23T22:54:04Z ERROR fontc::workload] task 'Be(GlyfFragment(q.smcp))' failed: ''q.smcp' has interpolation-incompatible paths'
[2026-09-23T22:54:04Z ERROR fontc::workload] task 'Be(GlyfFragment(five.osf))' failed: ''five.osf' has interpolation-incompatible paths'
[2026-09-23T22:54:04Z ERROR fontc::workload] task 'Be(GlyfFragment(h))' failed: ''h' has interpolation-incompatible paths'
[2026-09-23T22:54:04Z ERROR fontc::workload] task 'Be(GlyfFragment(Schwadieresis-cy))' failed: ''Schwadieresis-cy' has interpolation-incompatible paths'
[2026-09-23T22:54:04Z ERROR fontc::workload] task 'Be(GlyfFragment(omacron.smcp))' failed: ''omacron.smcp' has interpolation-incompatible paths'
[2026-09-23T22:54:04Z ERROR fontc::workload] task 'Be(GlyfFragment(threeeighths))' failed: ''threeeighths' has interpolation-incompatible paths'
[2026-09-23T22:54:04Z ERROR fontc::workload] task 'Be(GlyfFragment(nine))' failed: ''nine' has interpolation-incompatible paths'
[2026-09-23T22:54:04Z ERROR fontc::workload] task 'Be(GlyfFragment(eogonek))' failed: ''eogonek' has interpolation-incompatible paths'
[2026-09-23T22:54:04Z ERROR fontc::workload] task 'Be(GlyfFragment(onequarter))' failed: ''onequarter' has interpolation-incompatible paths'
[2026-09-23T22:54:04Z ERROR fontc::workload] task 'Be(GlyfFragment(threefifths))' failed: ''threefifths' has interpolation-incompatible paths'
[2026-09-23T22:54:04Z ERROR fontc::workload] task 'Be(GlyfFragment(eng))' failed: ''eng' has interpolation-incompatible paths'
[2026-09-23T22:54:04Z ERROR fontc::workload] task 'Be(GlyfFragment(zhe-cy))' failed: ''zhe-cy' has interpolation-incompatible paths'
[2026-09-23T22:54:04Z ERROR fontc::workload] task 'Be(GlyfFragment(ncommaaccent))' failed: ''ncommaaccent' has interpolation-incompatible paths'
[2026-09-23T22:54:04Z ERROR fontc::workload] task 'Be(GlyfFragment(micro))' failed: ''micro' has interpolation-incompatible paths'
[2026-09-23T22:54:04Z ERROR fontc::workload] task 'Be(GlyfFragment(sixinferior))' failed: ''sixinferior' has interpolation-incompatible paths'
[2026-09-23T22:54:04Z ERROR fontc::workload] task 'Be(GlyfFragment(braceright.smcp))' failed: ''braceright.smcp' has interpolation-incompatible paths'
operation 'Fontc' while building [../fonts//ttf/Play-Regular.ttf, ../fonts//variable/Play[wght].ttf, ../fonts//webfonts/Play-Bold.woff2, ../fonts//webfonts/Play[wght].woff2] from [Play.glyphs]: 'sixsuperior' has interpolation-incompatible paths
