thabit: RESIDUAL-UNPUBLISHED-CONVERTER @ 247240d, 27 commits, 24 edit(s): Thabit-Bold=2 functional=FAIL(names); Thabit=2 functional=FAIL(shaping+rendering+names); Thabit-Oblique=2 functional=FAIL(shaping+rendering+names+line_spacing); Thabit-BoldOblique=2 functional=FAIL(names+line_spacing)
   Thabit-Bold BLOCKING PfEd: whole-table difference
   Thabit-Bold BLOCKING head.font_direction_hint [0, 2]
     cmap         PASS 734 codepoints, exact
     shaping      PASS 834148 runs shaped, 0 differ
     rendering    PASS diffenator3 69 glyph / 149 word diffs (0 / 0 confirmed); 0 of 316 changed outlines draw different ink
     names        FAIL IDs 1 2 4 6 16 17 21 22 differ (3)
         - name ID 1 (3,1,0xC01): release 'ثابت', build None
         - name ID 16 (3,1,0xC01) as read: release 'ثابت', build None
         - name ID 21 (3,1,0xC01) as read: release 'ثابت', build None
     line_spacing PASS per-platform ascender/descender/gap equal
     advances     PASS 762 glyph advances compared, 0 differ
     gdef         PASS GDEF present/present; 0 class difference(s) shaping reads, 0 it does not
   Thabit BLOCKING PfEd: whole-table difference
   Thabit BLOCKING head.font_direction_hint [0, 2]
     cmap         PASS 733 codepoints, exact
     shaping      FAIL 857614 runs shaped, 491 differ
         - default features, base+mark: 472 of 4248 runs differ
         - default features, words: 7 of 622112 runs differ
         - GSUB fina off: 3 of 11870 runs differ
         - ... 3 more
     rendering    FAIL diffenator3 95 glyph / 151 word diffs (0 / 3 confirmed); 0 of 446 changed outlines draw different ink
         - diffenator3: 3 word(s) render differently (>8 px at 16 ppem), confirmed: 'أَیُّهَا' 49px, 'أوروپَّا،' 38px, 'ڤُولو' 21px
     names        FAIL IDs 1 2 4 6 16 17 21 22 differ (3)
         - name ID 1 (3,1,0xC01): release 'ثابت', build None
         - name ID 16 (3,1,0xC01) as read: release 'ثابت', build None
         - name ID 21 (3,1,0xC01) as read: release 'ثابت', build None
     line_spacing PASS per-platform ascender/descender/gap equal
     advances     PASS 761 glyph advances compared, 0 differ
     gdef         PASS GDEF present/present; 0 class difference(s) shaping reads, 0 it does not
   Thabit-Oblique BLOCKING PfEd: whole-table difference
   Thabit-Oblique BLOCKING head.font_direction_hint [0, 2]
     cmap         PASS 733 codepoints, exact
     shaping      FAIL 857614 runs shaped, 491 differ
         - default features, base+mark: 472 of 4248 runs differ
         - default features, words: 7 of 622112 runs differ
         - GSUB fina off: 3 of 11870 runs differ
         - ... 3 more
     rendering    FAIL diffenator3 92 glyph / 146 word diffs (1 / 4 confirmed); 1 of 529 changed outlines draw different ink
         - diffenator3: 1 encoded glyph(s) render differently (>16 px at 32 ppem), confirmed: U+03A6 18px
         - diffenator3: 4 word(s) render differently (>8 px at 16 ppem), confirmed: 'أَیُّهَا' 47px, 'أوروپَّا،' 40px, 'ڤُولو' 24px, 'ΦΦε' 10px
         - 1 glyph outline(s) draw ink more than rounding apart (FreeType unhinted, 128 ppem = 8 units/px, > 4 px at coverage fuzz 64): Phi 5px
     names        FAIL IDs 1 2 4 6 16 17 21 22 differ (3)
         - name ID 1 (3,1,0xC01): release 'ثابت', build None
         - name ID 16 (3,1,0xC01) as read: release 'ثابت', build None
         - name ID 21 (3,1,0xC01) as read: release 'ثابت', build None
     line_spacing FAIL per-platform ascender/descender/gap equal
         - fsSelection: ITALIC lost, REGULAR gained
         - head.macStyle italic: release 1, build 0
     advances     PASS 761 glyph advances compared, 0 differ
     gdef         PASS GDEF present/present; 0 class difference(s) shaping reads, 0 it does not
   Thabit-BoldOblique BLOCKING PfEd: whole-table difference
   Thabit-BoldOblique BLOCKING head.font_direction_hint [0, 2]
     cmap         PASS 734 codepoints, exact
     shaping      PASS 834148 runs shaped, 0 differ
     rendering    PASS diffenator3 98 glyph / 136 word diffs (0 / 0 confirmed); 0 of 534 changed outlines draw different ink
     names        FAIL IDs 1 2 4 6 16 17 21 22 differ (3)
         - name ID 1 (3,1,0xC01): release 'ثابت', build None
         - name ID 16 (3,1,0xC01) as read: release 'ثابت', build None
         - name ID 21 (3,1,0xC01) as read: release 'ثابت', build None
     line_spacing FAIL per-platform ascender/descender/gap equal
         - fsSelection: ITALIC lost, BOLD lost, REGULAR gained
         - head.macStyle bold: release 1, build 0
         - head.macStyle italic: release 1, build 0
     advances     PASS 762 glyph advances compared, 0 differ
     gdef         PASS GDEF present/present; 0 class difference(s) shaping reads, 0 it does not
