poly: RESIDUAL @ 2e36b05, 3 commits, 0 edit(s): Poly-Italic=3 functional=FAIL(shaping+names+gdef); Poly-Regular=0 functional=FAIL(shaping+names+gdef)
   Poly-Italic BLOCKING GSUB.script_list {"latn/ROM ": {"lookups": {"0": [6, 0], "1": [null, 6]}}}
   Poly-Italic BLOCKING GSUB.feature_list {"case": {"0": [8, 9]}, "dnom": {"0": [10, 11]}, "frac": {"2": [7, 8]}, "lnum":
   Poly-Italic BLOCKING GSUB.lookup_list {"7": {"0": {"type": ["chained_sequence_context", "single"], "rules": [["fractio
     cmap         PASS 388 codepoints, exact
     shaping      FAIL 700271 runs shaped, 573 differ
         - default features, singles: 2 of 388 runs differ
         - default features, base+mark: 547 of 560 runs differ
         - default features, base+mark+mark: 24 of 24 runs differ
     rendering    PASS diffenator3 0 glyph / 0 word diffs (0 / 0 confirmed); 0 of 152 changed outlines draw different ink
     names        FAIL IDs 1 2 4 6 16 17 21 22 differ (1)
         - name ID 4 (3,1,0x409): release 'Poly-Italic', build 'Poly Italic'
     line_spacing PASS per-platform ascender/descender/gap equal
     advances     PASS 481 glyph advances compared, 0 differ
     gdef         FAIL GDEF present/absent; 2 class difference(s) shaping reads, 98 it does not
         - GDEF absent in the build
         - 2 glyph class(es) differ where shaping reads them (release/build; '-' = decided by substitution, the build has no class table): commaaccent 1/3, dotaccentcmb 1/3
     cmap         PASS 366 codepoints, exact
     shaping      FAIL 697276 runs shaped, 532 differ
         - default features, singles: 2 of 366 runs differ
         - default features, base+mark: 504 of 516 runs differ
         - default features, base+mark+mark: 24 of 24 runs differ
         - ... 1 more
     rendering    PASS diffenator3 0 glyph / 0 word diffs (0 / 0 confirmed); 0 of 186 changed outlines draw different ink
     names        FAIL IDs 1 2 4 6 16 17 21 22 differ (1)
         - name ID 4 (3,1,0x409): release 'Poly-Regular', build 'Poly Regular'
     line_spacing PASS per-platform ascender/descender/gap equal
     advances     PASS 539 glyph advances compared, 0 differ
     gdef         FAIL GDEF present/absent; 2 class difference(s) shaping reads, 178 it does not
         - GDEF absent in the build
         - 2 glyph class(es) differ where shaping reads them (release/build; '-' = decided by substitution, the build has no class table): dieresis.cap 1/3, dotaccentcmb 1/3
