unifraktur: RESIDUAL @ 339b767, 3 commits, 0 edit(s): UnifrakturMaguntia-Book=5 functional=FAIL(shaping+names+line_spacing+gdef)
   UnifrakturMaguntia-Book BLOCKING GPOS.script_list [{"DFLT/dflt": {"lookups": []}, "hani/dflt": {"lookups": []}, "latn/dflt": {"loo
   UnifrakturMaguntia-Book BLOCKING GPOS.feature_list [{}, null]
   UnifrakturMaguntia-Book BLOCKING GPOS.lookup_list [{}, null]
   UnifrakturMaguntia-Book BLOCKING OS/2.us_win_descent [512, 514]
   UnifrakturMaguntia-Book BLOCKING hhea.descender [-513, -514]
     cmap         PASS 247 codepoints, exact
     shaping      FAIL 554137 runs shaped, 1697 differ
         - default features, base+mark: 1317 of 1377 runs differ
         - default features, base+mark+mark: 324 of 324 runs differ
         - default features, kern+mark: 34 of 34 runs differ
         - ... 1 more
     rendering    PASS diffenator3 0 glyph / 0 word diffs (0 / 0 confirmed); 0 of 18 changed outlines draw different ink
     names        FAIL IDs 1 2 4 6 16 17 21 22 differ (4)
         - name ID 2 (3,1,0x409): release 'Book', build 'Regular'
         - name ID 4 (3,1,0x409): release 'UnifrakturMaguntia', build 'UnifrakturMaguntia Regular'
         - name ID 17 (3,1,0x409) as read: release 'Book', build 'Regular'
         - ... 1 more
     line_spacing FAIL per-platform ascender/descender/gap DIFFER
         - CoreText line spacing (ascender, descender, gap): release hhea (1607, -513, 0), build hhea (1607, -514, 0)
         - DirectWrite/GDI line spacing (ascender, descender, gap): release win (1607, -512, 1), build typo (1607, -514, 0)
         - FreeType engines line spacing (ascender, descender, gap): release hhea (1607, -513, 0), build typo (1607, -514, 0)
         - ... 3 more
     advances     PASS 268 glyph advances compared, 0 differ
     gdef         FAIL GDEF present/present; 9 class difference(s) shaping reads, 258 it does not
         - 9 glyph class(es) differ where shaping reads them (release/build; '-' = decided by substitution, the build has no class table): acutecomb 1/3, gravecomb 1/3, tildecomb 1/3, uni0302 1/3, uni0304 1/3, uni0308 1/3, uni030A 1/3, uni030C 1/3, uni0327 1/3
