TitilliumWeb-Black: BLOCKING 2
TitilliumWeb-BoldItalic: BLOCKING 2
TitilliumWeb-Bold: BLOCKING 2
TitilliumWeb-Light: BLOCKING 2
TitilliumWeb-Italic: BLOCKING 1
TitilliumWeb-LightItalic: BLOCKING 2
TitilliumWeb-Regular: BLOCKING 1
TitilliumWeb-SemiBold: BLOCKING 2
TitilliumWeb-SemiBoldItalic: BLOCKING 2
Wallpoet-Regular: BLOCKING 1
TitilliumWeb-ExtraLightItalic: BLOCKING 2
TitilliumWeb-ExtraLight: BLOCKING 2
TitilliumWeb-Black: BLOCKING 1
TitilliumWeb-Bold: BLOCKING 1
TitilliumWeb-BoldItalic: BLOCKING 1
TitilliumWeb-Light: BLOCKING 1
TitilliumWeb-Italic: BLOCKING 1
TitilliumWeb-LightItalic: BLOCKING 1
TitilliumWeb-SemiBold: BLOCKING 1
TitilliumWeb-Regular: BLOCKING 1
TitilliumWeb-SemiBoldItalic: BLOCKING 1
Wallpoet-Regular: BLOCKING 1
TitilliumWeb-ExtraLight: BLOCKING 2
TitilliumWeb-ExtraLightItalic: BLOCKING 2
TitilliumWeb-Black: CLEAN 0
TitilliumWeb-Bold: CLEAN 0
TitilliumWeb-BoldItalic: CLEAN 0
TitilliumWeb-Light: CLEAN 0
TitilliumWeb-Italic: CLEAN 0
TitilliumWeb-LightItalic: CLEAN 0
TitilliumWeb-Regular: CLEAN 0
TitilliumWeb-SemiBold: CLEAN 0
TitilliumWeb-SemiBoldItalic: CLEAN 0
Wallpoet-Regular: CLEAN 0
TitilliumWeb-ExtraLight: BLOCKING 1
TitilliumWeb-ExtraLightItalic: BLOCKING 1
TitilliumWeb-ExtraLight: CLEAN 0
TitilliumWeb-ExtraLightItalic: CLEAN 0
TitilliumWeb-ExtraLight: CLEAN 0
TitilliumWeb-ExtraLightItalic: CLEAN 0
TitilliumWeb-ExtraLight: CLEAN 0
TitilliumWeb-ExtraLightItalic: CLEAN 0
TitilliumWeb-Black: CLEAN 0
TitilliumWeb-Bold: CLEAN 0
TitilliumWeb-BoldItalic: CLEAN 0
TitilliumWeb-Italic: CLEAN 0
TitilliumWeb-Light: CLEAN 0
TitilliumWeb-LightItalic: CLEAN 0
TitilliumWeb-Regular: CLEAN 0
TitilliumWeb-SemiBold: CLEAN 0
TitilliumWeb-SemiBoldItalic: CLEAN 0
TitilliumWeb-ExtraLight: CLEAN 0
TitilliumWeb-ExtraLightItalic: CLEAN 0
