cardo: RESIDUAL-UNPUBLISHED-CONVERTER @ 7ce9b54, 5 commits, 2 edit(s): Cardo-Bold=1 functional=FAIL(shaping+gdef); Cardo-Italic=6 functional=FAIL(shaping+advances+gdef); Cardo-Regular=1 functional=FAIL(cmap+shaping+rendering+advances)
   Cardo-Bold BLOCKING head.font_direction_hint [0, 2]
     cmap         PASS 2992 codepoints, exact
     shaping      FAIL 1698221 runs shaped, 2777 differ
         - default features, base+mark: 853 of 157321 runs differ
         - default features, base+mark+mark: 1604 of 115200 runs differ
         - default features, words: 7 of 709466 runs differ
         - ... 1 more
     rendering    PASS diffenator3 0 glyph / 2 word diffs (0 / 0 confirmed); 0 of 204 changed outlines draw different ink
     names        PASS IDs 1 2 4 6 16 17 21 22 equal
     line_spacing PASS per-platform ascender/descender/gap equal
     advances     PASS 2979 glyph advances compared, 0 differ
     gdef         FAIL GDEF present/present; 163 class difference(s) shaping reads, 2815 it does not
         - 163 glyph class(es) differ where shaping reads them (release/build; '-' = decided by substitution, the build has no class table): acutecomb 1/3, afii57793 1/3, afii57794 1/3, afii57795 1/3, afii57796 1/3, afii57797 1/3, afii57798 1/3, afii57799 1/3, afii57800 1/3, afii57801 1/3, afii57802 1/3, afii57803 1/3, afii57804 1/3, afii57806 1/3, afii57807 1/3
   Cardo-Italic BLOCKING GDEF.lig_carets [{"longs_i": [{"coordinate": 591}], "longs_longs": [{"coordinate": 632}], "longs
   Cardo-Italic BLOCKING head.font_direction_hint [0, 2]
   Cardo-Italic BLOCKING hmtx.uni1DC1 {"width": [30, 0]}
   Cardo-Italic BLOCKING hmtx.uni2E0F {"width": [2443, 0]}
   Cardo-Italic BLOCKING hmtx.uni2E10 {"width": [2443, 0]}
   Cardo-Italic BLOCKING hmtx.uni05B105BD {"width": [1300, 0]}
     cmap         PASS 2412 codepoints, exact
     shaping      FAIL 1796504 runs shaped, 15991 differ
         - default features, base+mark: 986 of 150943 runs differ
         - default features, base+mark+mark: 2171 of 86400 runs differ
         - default features, words: 7 of 710274 runs differ
         - ... 1 more
     rendering    PASS diffenator3 0 glyph / 4 word diffs (0 / 0 confirmed); 0 of 1318 changed outlines draw different ink
     names        PASS IDs 1 2 4 6 16 17 21 22 equal
     line_spacing PASS per-platform ascender/descender/gap equal
     advances     FAIL 2372 glyph advances compared, 5 differ
         - 5 advance width(s) differ (release/build): uni1DC1 30/0, uni2E0F 2443/0, uni2E10 2443/0, uni2E11 2443/0, uniF15B 11/0
     gdef         FAIL GDEF present/present; 3 class difference(s) shaping reads, 2190 it does not
         - 3 glyph class(es) differ where shaping reads them (release/build; '-' = decided by substitution, the build has no class table): afii57806 1/3, uni0485 1/3, uni0486 1/3
   Cardo-Regular BLOCKING head.font_direction_hint [0, 2]
     cmap         FAIL 3830 codepoints, 1 problem(s)
         - 1 codepoint(s) map to a different glyph: U+F438 10192.04/u10192.04
     shaping      FAIL 4367643 runs shaped, 13204 differ
         - default features, base+mark: 4342 of 209867 runs differ
         - default features, base+mark+mark: 357 of 129600 runs differ
         - default features, rules: 459 of 904 runs differ
         - ... 6 more
     rendering    FAIL diffenator3 2 glyph / 47 word diffs (0 / 45 confirmed); 0 of 2960 changed outlines draw different ink
         - diffenator3: 45 word(s) render differently (>8 px at 16 ppem), confirmed: 'הַגֳּרָנוֹת' 52px, 'וַיִּתְחַנֲנוּ' 49px, 'אָּרְנֱה' 45px, 'מְוֻזָּנִים' 43px, 'יְהוָ֛ה' 42px
     names        PASS IDs 1 2 4 6 16 17 21 22 equal
     line_spacing PASS per-platform ascender/descender/gap equal
     advances     FAIL 3829 glyph advances compared, 2 differ
         - 2 advance width(s) differ (release/build): uni0304 1000/0, uni05B105BD 1300/0
     gdef         PASS GDEF present/present; 0 class difference(s) shaping reads, 2590 it does not
