oleoscript: RESIDUAL-UNPUBLISHED-CONVERTER @ e3d56de, 5 commits, 2 edit(s): OleoScript-Bold=0 functional=FAIL(shaping+gdef); OleoScript-Regular=0 functional=FAIL(shaping+gdef)
     cmap         PASS 233 codepoints, exact
     shaping      FAIL 556799 runs shaped, 166 differ
         - default features, singles: 1 of 233 runs differ
         - default features, base+mark: 160 of 160 runs differ
         - default features, base+mark+mark: 5 of 5 runs differ
     rendering    PASS diffenator3 0 glyph / 0 word diffs (0 / 0 confirmed); 0 of 1 changed outlines draw different ink
     names        PASS IDs 1 2 4 6 16 17 21 22 equal
     line_spacing PASS per-platform ascender/descender/gap equal
     advances     PASS 233 glyph advances compared, 0 differ
     gdef         FAIL GDEF present/absent; 1 class difference(s) shaping reads, 1 it does not
         - GDEF absent in the build
         - 1 glyph class(es) differ where shaping reads them (release/build; '-' = decided by substitution, the build has no class table): dotaccentcmb 1/3
     cmap         PASS 233 codepoints, exact
     shaping      FAIL 557031 runs shaped, 166 differ
         - default features, singles: 1 of 233 runs differ
         - default features, base+mark: 160 of 160 runs differ
         - default features, base+mark+mark: 5 of 5 runs differ
     rendering    PASS diffenator3 0 glyph / 0 word diffs (0 / 0 confirmed); 0 of 0 changed outlines draw different ink
     names        PASS IDs 1 2 4 6 16 17 21 22 equal
     line_spacing PASS per-platform ascender/descender/gap equal
     advances     PASS 233 glyph advances compared, 0 differ
     gdef         FAIL GDEF present/absent; 1 class difference(s) shaping reads, 1 it does not
         - GDEF absent in the build
         - 1 glyph class(es) differ where shaping reads them (release/build; '-' = decided by substitution, the build has no class table): dotaccentcmb 1/3
