mountainsofchristmas: RESIDUAL-UNPUBLISHED-CONVERTER @ e7f1d2a, 3 commits, 0 edit(s): MountainsofChristmas-Bold=3 functional=FAIL(line_spacing); MountainsofChristmas-Regular=0 functional=FAIL(names)
   MountainsofChristmas-Bold BLOCKING OS/2.us_win_ascent [1064, 1066]
   MountainsofChristmas-Bold BLOCKING OS/2.us_win_descent [354, 355]
   MountainsofChristmas-Bold BLOCKING hhea.descender [-354, -355]
     cmap         PASS 229 codepoints, exact
     shaping      PASS 582919 runs shaped, 0 differ
     rendering    PASS diffenator3 0 glyph / 0 word diffs (0 / 0 confirmed); 0 of 184 changed outlines draw different ink
     names        PASS IDs 1 2 4 6 16 17 21 22 equal
     line_spacing FAIL per-platform ascender/descender/gap DIFFER
         - CoreText line spacing (ascender, descender, gap): release hhea (1066, -354, 0), build hhea (1066, -355, 0)
         - DirectWrite/GDI line spacing (ascender, descender, gap): release win (1064, -354, 2), build typo (1066, -354, 0)
         - USE_TYPO_METRICS set by the build: it changes the line spacing on DirectWrite/GDI
         - ... 3 more
     advances     PASS 230 glyph advances compared, 0 differ
     gdef         PASS GDEF present/absent; 0 class difference(s) shaping reads, 1 it does not
     cmap         PASS 227 codepoints, exact
     shaping      PASS 584387 runs shaped, 0 differ
     rendering    PASS diffenator3 0 glyph / 0 word diffs (0 / 0 confirmed); 0 of 187 changed outlines draw different ink
     names        FAIL IDs 1 2 4 6 16 17 21 22 differ (1)
         - name ID 4 (3,1,0x409): release 'Mountains of Christmas Regular', build 'Mountains of Christmas'
     line_spacing PASS per-platform ascender/descender/gap equal
     advances     PASS 228 glyph advances compared, 0 differ
     gdef         PASS GDEF present/absent; 0 class difference(s) shaping reads, 1 it does not
