overlock: RESIDUAL-UNPUBLISHED-CONVERTER @ aeae0da, 3 commits, 0 edit(s): Overlock-Black=0 functional=FAIL(names); Overlock-BlackItalic=0 functional=FAIL(names+line_spacing); Overlock-Bold=0 functional=FAIL(names); Overlock-BoldItalic=0 functional=FAIL(names); Overlock-Italic=0 functional=FAIL(names); Overlock-Regular=0 functional=FAIL(names)
     cmap         PASS 260 codepoints, exact
     shaping      PASS 563645 runs shaped, 0 differ
     rendering    PASS diffenator3 0 glyph / 0 word diffs (0 / 0 confirmed); 0 of 0 changed outlines draw different ink
     names        FAIL IDs 1 2 4 6 16 17 21 22 differ (3)
         - name ID 1 (3,1,0x409): release 'Overlock Black', build 'Overlock'
         - name ID 2 (3,1,0x409): release 'Regular', build 'Black'
         - name ID 4 (3,1,0x409): release 'Overlock Black', build 'Overlock-Black'
     line_spacing PASS per-platform ascender/descender/gap equal
     advances     PASS 261 glyph advances compared, 0 differ
     gdef         PASS GDEF present/absent; 0 class difference(s) shaping reads, 1 it does not
     cmap         PASS 258 codepoints, exact
     shaping      PASS 565908 runs shaped, 0 differ
     rendering    PASS diffenator3 0 glyph / 0 word diffs (0 / 0 confirmed); 0 of 0 changed outlines draw different ink
     names        FAIL IDs 1 2 4 6 16 17 21 22 differ (3)
         - name ID 1 (3,1,0x409): release 'Overlock Black', build 'Overlock'
         - name ID 2 (3,1,0x409): release 'Italic', build 'Black Italic'
         - name ID 4 (3,1,0x409): release 'Overlock Black Italic', build 'Overlock-BlackItalic'
     line_spacing FAIL per-platform ascender/descender/gap equal
         - fsSelection: ITALIC lost, REGULAR gained
         - head.macStyle italic: release 1, build 0
     advances     PASS 259 glyph advances compared, 0 differ
     gdef         PASS GDEF present/absent; 0 class difference(s) shaping reads, 1 it does not
     cmap         PASS 259 codepoints, exact
     shaping      PASS 561845 runs shaped, 0 differ
     rendering    PASS diffenator3 0 glyph / 0 word diffs (0 / 0 confirmed); 0 of 0 changed outlines draw different ink
     names        FAIL IDs 1 2 4 6 16 17 21 22 differ (1)
         - name ID 4 (3,1,0x409): release 'Overlock Bold', build 'Overlock-Bold'
     line_spacing PASS per-platform ascender/descender/gap equal
     advances     PASS 260 glyph advances compared, 0 differ
     gdef         PASS GDEF present/absent; 0 class difference(s) shaping reads, 1 it does not
     cmap         PASS 259 codepoints, exact
     shaping      PASS 582307 runs shaped, 0 differ
     rendering    PASS diffenator3 0 glyph / 0 word diffs (0 / 0 confirmed); 0 of 0 changed outlines draw different ink
     names        FAIL IDs 1 2 4 6 16 17 21 22 differ (1)
         - name ID 4 (3,1,0x409): release 'Overlock Bold Italic', build 'Overlock-BoldItalic'
     line_spacing PASS per-platform ascender/descender/gap equal
     advances     PASS 260 glyph advances compared, 0 differ
     gdef         PASS GDEF present/absent; 0 class difference(s) shaping reads, 1 it does not
     cmap         PASS 258 codepoints, exact
     shaping      PASS 564701 runs shaped, 0 differ
     rendering    PASS diffenator3 0 glyph / 0 word diffs (0 / 0 confirmed); 0 of 0 changed outlines draw different ink
     names        FAIL IDs 1 2 4 6 16 17 21 22 differ (1)
         - name ID 4 (3,1,0x409): release 'Overlock Italic', build 'Overlock-Italic'
     line_spacing PASS per-platform ascender/descender/gap equal
     advances     PASS 259 glyph advances compared, 0 differ
     gdef         PASS GDEF present/absent; 0 class difference(s) shaping reads, 1 it does not
     cmap         PASS 326 codepoints, exact
     shaping      PASS 572054 runs shaped, 0 differ
     rendering    PASS diffenator3 0 glyph / 0 word diffs (0 / 0 confirmed); 0 of 0 changed outlines draw different ink
     names        FAIL IDs 1 2 4 6 16 17 21 22 differ (1)
         - name ID 4 (3,1,0x409): release 'Overlock Regular', build 'Overlock'
     line_spacing PASS per-platform ascender/descender/gap equal
     advances     PASS 327 glyph advances compared, 0 differ
     gdef         PASS GDEF present/absent; 0 class difference(s) shaping reads, 1 it does not
