thabit: RESIDUAL-UNPUBLISHED-CONVERTER @ 422b64d, 28 commits, 25 edit(s): Thabit-Bold=2 functional=PASS; Thabit=2 functional=PASS; Thabit-Oblique=2 functional=FAIL(rendering+line_spacing); Thabit-BoldOblique=2 functional=FAIL(line_spacing)
   Thabit-Bold BLOCKING PfEd: whole-table difference
   Thabit-Bold BLOCKING head.font_direction_hint [0, 2]
   Thabit BLOCKING PfEd: whole-table difference
   Thabit BLOCKING head.font_direction_hint [0, 2]
   Thabit-Oblique BLOCKING PfEd: whole-table difference
   Thabit-Oblique BLOCKING head.font_direction_hint [0, 2]
     cmap         PASS 733 codepoints, exact
     shaping      PASS 857614 runs shaped, 0 differ
     rendering    FAIL diffenator3 92 glyph / 143 word diffs (1 / 1 confirmed); 1 of 529 changed outlines draw different ink
         - diffenator3: 1 encoded glyph(s) render differently (>16 px at 32 ppem), confirmed: U+03A6 18px
         - diffenator3: 1 word(s) render differently (>8 px at 16 ppem), confirmed: 'ΦΦε' 10px
         - 1 glyph outline(s) draw ink more than rounding apart (FreeType unhinted, 128 ppem = 8 units/px, > 4 px at coverage fuzz 64): Phi 5px
     names        PASS IDs 1 2 4 6 16 17 21 22 equal
     line_spacing FAIL per-platform ascender/descender/gap equal
         - fsSelection: ITALIC lost, REGULAR gained
         - head.macStyle italic: release 1, build 0
     advances     PASS 761 glyph advances compared, 0 differ
     gdef         PASS GDEF present/present; 0 class difference(s) shaping reads, 0 it does not
   Thabit-BoldOblique BLOCKING PfEd: whole-table difference
   Thabit-BoldOblique BLOCKING head.font_direction_hint [0, 2]
     cmap         PASS 734 codepoints, exact
     shaping      PASS 834148 runs shaped, 0 differ
     rendering    PASS diffenator3 98 glyph / 136 word diffs (0 / 0 confirmed); 0 of 534 changed outlines draw different ink
     names        PASS IDs 1 2 4 6 16 17 21 22 equal
     line_spacing FAIL per-platform ascender/descender/gap equal
         - fsSelection: ITALIC lost, BOLD lost, REGULAR gained
         - head.macStyle bold: release 1, build 0
         - head.macStyle italic: release 1, build 0
     advances     PASS 762 glyph advances compared, 0 differ
     gdef         PASS GDEF present/present; 0 class difference(s) shaping reads, 0 it does not
