   Compiling proc-macro2 v1.0.107
   Compiling quote v1.0.47
   Compiling unicode-ident v1.0.26
   Compiling serde_core v1.0.229
   Compiling serde v1.0.229
    Checking memchr v2.8.3
   Compiling thiserror v2.0.21
   Compiling syn v3.0.6
   Compiling syn v2.0.119
    Checking once_cell v1.21.4
    Checking cfg-if v1.0.5
   Compiling libc v0.2.189
   Compiling rustversion v1.0.23
    Checking log v0.4.34
   Compiling autocfg v1.5.1
   Compiling ident_case v1.0.1
   Compiling strsim v0.11.1
    Checking hashbrown v0.17.1
    Checking equivalent v1.0.2
   Compiling num-traits v0.2.19
    Checking indexmap v2.14.2
   Compiling semver v1.0.28
   Compiling zmij v1.0.23
   Compiling synstructure v0.14.0
    Checking arrayvec v0.7.8
    Checking polycool v0.4.0
   Compiling rustc_version v0.4.1
    Checking pin-project-lite v0.2.17
    Checking tracing-core v0.1.36
    Checking smol_str v0.3.6
   Compiling serde_derive v1.0.229
   Compiling thiserror-impl v2.0.21
   Compiling bytemuck_derive v1.12.1
   Compiling zerofrom-derive v0.1.8
    Checking bytemuck v1.25.2
   Compiling yoke-derive v0.8.3
    Checking zerofrom v0.1.8
    Checking aho-corasick v1.1.5
    Checking regex-syntax v0.8.11
    Checking stable_deref_trait v1.2.1
   Compiling tracing-attributes v0.1.31
    Checking yoke v0.8.3
    Checking regex-automata v0.4.18
   Compiling fontdrasil v1.0.0
   Compiling zerovec-derive v0.11.6
    Checking smallvec v1.16.1
    Checking font-types v0.12.5
    Checking kurbo v0.13.1
    Checking read-fonts v0.43.3
    Checking tracing v0.1.44
    Checking ordered-float v5.5.0
   Compiling fnv v1.0.7
   Compiling darling_core v0.20.11
    Checking zerovec v0.11.8
   Compiling displaydoc v0.2.7
    Checking itoa v1.0.18
   Compiling serde_json v1.0.151
    Checking lazy_static v1.5.0
    Checking scopeguard v1.2.0
    Checking sharded-slab v0.1.7
    Checking matchers v0.2.0
    Checking tracing-log v0.2.0
   Compiling darling_macro v0.20.11
    Checking thread_local v1.1.10
   Compiling darling v0.20.11
    Checking bitflags v2.13.2
    Checking nu-ansi-term v0.50.3
   Compiling parking_lot_core v0.9.12
    Checking iana-time-zone v0.1.65
   Compiling crossbeam-utils v0.8.23
    Checking chrono v0.4.45
    Checking tracing-subscriber v0.3.23
   Compiling derive_builder_core v0.20.2
    Checking write-fonts v0.52.0
    Checking tinystr v0.8.4
    Checking litemap v0.8.3
    Checking either v1.18.0
   Compiling icu_properties_data v2.1.2
   Compiling camino v1.2.6
    Checking writeable v0.6.4
   Compiling anyhow v1.0.104
    Checking icu_locale_core v2.3.0
   Compiling regex v1.13.1
   Compiling derive_builder_macro v0.20.2
    Checking lock_api v0.4.14
    Checking zerotrie v0.2.5
    Checking potential_utf v0.1.6
   Compiling vergen-lib v9.1.0
    Checking ansi_term v0.12.1
    Checking icu_provider v2.3.1
    Checking icu_collections v2.1.1
    Checking parking_lot v0.12.5
   Compiling derive_builder v0.20.2
   Compiling vergen v9.1.0
   Compiling cargo-platform v0.3.3
   Compiling crossbeam-epoch v0.9.21
   Compiling powerfmt v0.2.0
    Checking num-conv v0.2.2
    Checking deranged v0.5.8
   Compiling num_threads v0.1.7
    Checking time-core v0.1.9
   Compiling cargo_metadata v0.23.1
    Checking time v0.3.55
    Checking icu_properties v2.1.2
    Checking itertools v0.14.0
   Compiling error-stack v0.8.0
   Compiling darling_core v0.24.1
   Compiling vergen-gitcl v9.1.0
    Checking quick-xml v0.42.0
   Compiling crossbeam-deque v0.8.8
    Checking fea-rs v1.0.0
    Checking fontir v1.0.0
   Compiling getrandom v0.4.3
    Checking mutually_exclusive_features v0.1.0
    Checking base64 v0.23.1
   Compiling siphasher v1.0.3
   Compiling phf_shared v0.14.0
    Checking plist v1.10.1
    Checking close_already v0.3.5
   Compiling darling_macro v0.24.1
    Checking quick-xml v0.38.4
    Checking font-types v0.10.1
   Compiling serde_repr v0.1.21
   Compiling ascii_plist_derive v1.0.0
    Checking quick-xml v0.41.0
   Compiling fastrand v2.5.0
    Checking base64 v0.22.1
    Checking ryu v1.0.23
   Compiling rayon-core v1.13.0
   Compiling phf_generator v0.14.0
   Compiling darling v0.24.1
    Checking read-fonts v0.36.0
    Checking glyphs-reader v1.0.0
   Compiling multiversion-macros v0.9.0
   Compiling encoding_rs v0.8.41
    Checking unsafe-libyaml v0.2.11
   Compiling paste v1.0.15
    Checking multiversion v0.9.0
    Checking serde_yaml v0.9.34+deprecated
   Compiling fontc v1.0.0
   Compiling serde_with_macros v3.23.0
   Compiling phf_macros v0.14.0
    Checking norad v0.18.4
    Checking skrifa v0.46.2
   Compiling roxmltree v0.21.1
    Checking serde_bytes v0.11.19
    Checking fea-rs-ast v0.2.0
   Compiling multiversion_no_op v1.0.0
    Checking simdutf8 v0.1.5
   Compiling winnow v1.0.4
    Checking core_detect v1.0.0
   Compiling babelfont v0.2.1 (/home/fsanches/compartilhado/babelfont-rs-worktrees/port-496e904-work/wt-pr-ff-reader-fixes/babelfont)
    Checking openstep-plist v1.1.0
   Compiling toml_parser v1.1.3+spec-1.1.0
    Checking ufo2fontir v1.0.0
   Compiling vfb-macros v0.1.6
    Checking serde_with v3.23.0
    Checking phf v0.14.0
    Checking rayon v1.12.0
    Checking glyphs2fontir v1.0.0
    Checking uuid v1.26.1
    Checking fontbe v1.0.0
    Checking fontra2fontir v0.5.0
    Checking tracing-chrome v0.7.2
    Checking crossbeam-channel v0.5.17
    Checking serde_path_to_error v0.1.20
   Compiling typeshare-annotation v1.0.5
    Checking csv-core v0.1.13
   Compiling toml_datetime v1.1.1+spec-1.1.0
    Checking tinyvec v1.13.3
    Checking hex v0.4.3
    Checking typeshare v1.0.5
    Checking unicode-normalization v0.1.25
    Checking vfbreader v0.1.6
   Compiling toml_edit v0.25.15+spec-1.1.0
    Checking csv v1.4.0
    Checking glyphslib v0.2.7
    Checking norad v0.17.0
    Checking sr-aef v0.1.0 (/home/fsanches/compartilhado/babelfont-rs-worktrees/port-496e904-work/wt-pr-ff-reader-fixes/sr-aef)
   Compiling rstest_macros v0.26.1
   Compiling rustix v1.1.5
   Compiling proc-macro-crate v3.5.0
   Compiling futures-macro v0.3.34
    Checking linux-raw-sys v0.12.1
    Checking futures-task v0.3.34
    Checking futures-core v0.3.34
   Compiling relative-path v1.9.3
   Compiling glob v0.3.4
    Checking slab v0.4.12
    Checking futures-util v0.3.34
    Checking yansi v1.0.1
    Checking diff v0.1.13
    Checking futures-timer v3.0.4
    Checking pretty_assertions v1.4.1
    Checking log-once v0.4.1
    Checking tempfile v3.27.0
    Checking similar v2.7.0
    Checking rstest v0.26.1
    Checking fontmerge v0.1.0 (/home/fsanches/compartilhado/babelfont-rs-worktrees/port-496e904-work/wt-pr-ff-reader-fixes/fontmerge)
    Finished `dev` profile [unoptimized + debuginfo] target(s) in 1m 58s
clippy rc=0
