   Compiling syn v2.0.119
   Compiling strsim v0.11.1
   Compiling arrayvec v0.7.8
   Compiling polycool v0.4.0
   Compiling kurbo v0.13.1
   Compiling bitflags v2.13.2
   Compiling darling_core v0.24.1
   Compiling write-fonts v0.52.0
   Compiling tracing-attributes v0.1.31
   Compiling darling_core v0.20.11
   Compiling tracing v0.1.44
   Compiling tracing-subscriber v0.3.23
   Compiling darling_macro v0.20.11
   Compiling darling v0.20.11
   Compiling derive_builder_core v0.20.2
   Compiling derive_builder_macro v0.20.2
   Compiling utf8parse v0.2.2
   Compiling derive_builder v0.20.2
   Compiling anstyle-parse v1.0.0
   Compiling vergen-lib v9.1.0
   Compiling darling_macro v0.24.1
   Compiling vergen v9.1.0
   Compiling ascii_plist_derive v1.0.0
   Compiling anstyle-query v1.1.5
   Compiling colorchoice v1.0.5
   Compiling anstyle v1.0.14
   Compiling is_terminal_polyfill v1.70.2
   Compiling vergen-gitcl v9.1.0
   Compiling anstream v1.0.0
   Compiling darling v0.24.1
   Compiling clap_lex v1.1.1
   Compiling serde_with_macros v3.23.0
   Compiling clap_builder v4.6.7
   Compiling fontc v1.0.0
   Compiling phf_macros v0.14.0
   Compiling fontdrasil v1.0.0
   Compiling fontir v1.0.0
   Compiling fea-rs v1.0.0
   Compiling glyphs-reader v1.0.0
   Compiling babelfont v0.2.1 (/home/fsanches/compartilhado/babelfont-rs-worktrees/port-496e904-work/review-pr-ff-source-fidelity/bin-src-24671e6/babelfont)
   Compiling phf v0.14.0
   Compiling fea-rs-ast v0.2.0
   Compiling glyphs2fontir v1.0.0
   Compiling ufo2fontir v1.0.0
   Compiling fontbe v1.0.0
   Compiling fontra2fontir v0.5.0
   Compiling clap v4.6.7
   Compiling serde_with v3.23.0
   Compiling tracing-chrome v0.7.2
   Compiling typeshare-annotation v1.0.5
   Compiling is-terminal v0.4.17
   Compiling termcolor v1.4.1
   Compiling rustc-hash v2.1.3
   Compiling humantime v2.4.0
   Compiling linesweeper v0.4.0
   Compiling env_logger v0.10.2
   Compiling glyphslib v0.2.7
   Compiling vfbreader v0.1.6
   Compiling sr-aef v0.1.0 (/home/fsanches/compartilhado/babelfont-rs-worktrees/port-496e904-work/review-pr-ff-source-fidelity/bin-src-24671e6/sr-aef)
   Compiling typeshare v1.0.5
   Compiling norad v0.17.0
   Compiling clap-verbosity-flag v3.0.4
   Compiling serde_json_path_to_error v0.1.5
    Finished `dev` profile [unoptimized + debuginfo] target(s) in 1m 38s
rc=0
