   Compiling unicode-ident v1.0.24
   Compiling thiserror v2.0.19
   Compiling log v0.4.33
   Compiling proc-macro2 v1.0.107
   Compiling cfg-if v1.0.4
   Compiling indexmap v2.14.0
   Compiling aho-corasick v1.1.4
   Compiling quote v1.0.47
   Compiling crossbeam-utils v0.8.22
   Compiling syn v2.0.119
   Compiling syn v3.0.3
   Compiling regex-automata v0.4.16
   Compiling serde_derive v1.0.229
   Compiling thiserror-impl v2.0.19
   Compiling bytemuck_derive v1.11.0
   Compiling bytemuck v1.25.2
   Compiling synstructure v0.13.2
   Compiling serde v1.0.229
   Compiling tracing-attributes v0.1.31
   Compiling smallvec v1.15.2
   Compiling arrayvec v0.7.8
   Compiling polycool v0.4.0
   Compiling zerofrom-derive v0.1.7
   Compiling font-types v0.12.4
   Compiling kurbo v0.13.1
   Compiling yoke-derive v0.8.2
   Compiling zerofrom v0.1.8
   Compiling read-fonts v0.43.3
   Compiling yoke v0.8.3
   Compiling zerovec-derive v0.11.3
   Compiling tracing v0.1.44
   Compiling ordered-float v5.3.0
   Compiling displaydoc v0.2.6
   Compiling zerovec v0.11.6
   Compiling darling_core v0.20.11
   Compiling chrono v0.4.45
   Compiling tinystr v0.8.3
   Compiling darling_macro v0.20.11
   Compiling darling v0.20.11
   Compiling derive_builder_core v0.20.2
   Compiling matchers v0.2.0
   Compiling tracing-log v0.2.0
   Compiling thread_local v1.1.10
   Compiling litemap v0.8.2
   Compiling writeable v0.6.3
   Compiling camino v1.2.4
   Compiling icu_locale_core v2.2.0
   Compiling write-fonts v0.52.0
   Compiling tracing-subscriber v0.3.23
   Compiling derive_builder_macro v0.20.2
   Compiling parking_lot_core v0.9.12
   Compiling potential_utf v0.1.5
   Compiling zerotrie v0.2.4
   Compiling bitflags v2.13.1
   Compiling either v1.16.0
   Compiling icu_provider v2.2.0
   Compiling parking_lot v0.12.5
   Compiling icu_collections v2.1.1
   Compiling derive_builder v0.20.2
   Compiling crossbeam-epoch v0.9.20
   Compiling fontdrasil v1.0.0
   Compiling time v0.3.54
   Compiling fontir v1.0.0
   Compiling fea-rs v1.0.0
   Compiling cargo_metadata v0.23.1
   Compiling icu_properties v2.1.2
   Compiling vergen-lib v9.1.0
   Compiling regex v1.13.1
   Compiling darling_core v0.23.0
   Compiling crossbeam-deque v0.8.7
   Compiling vergen v9.1.0
   Compiling plist v1.10.0
   Compiling darling_macro v0.23.0
   Compiling itertools v0.14.0
   Compiling quick-xml v0.38.4
   Compiling ascii_plist_derive v1.0.0
   Compiling serde_repr v0.1.21
   Compiling glyphs-reader v1.0.0
   Compiling darling v0.23.0
   Compiling vergen-gitcl v9.1.0
   Compiling font-types v0.10.1
   Compiling multiversion-macros v0.9.0
   Compiling clap_lex v1.1.0
   Compiling serde_yaml v0.9.34+deprecated
   Compiling multiversion v0.9.0
   Compiling clap_builder v4.6.2
   Compiling clap_derive v4.6.4
   Compiling fontc v1.0.0
   Compiling read-fonts v0.36.0
   Compiling rayon-core v1.13.0
   Compiling serde_with_macros v3.21.0
   Compiling norad v0.18.4
   Compiling phf_macros v0.14.0
   Compiling getrandom v0.4.3
   Compiling tinyvec_macros v0.1.1
   Compiling tinyvec v1.12.0
   Compiling encoding_rs v0.8.41
   Compiling ufo2fontir v1.0.0
   Compiling fea-rs-ast v0.2.0
   Compiling openstep-plist v1.1.0
   Compiling babelfont v0.2.1 (/home/fsanches/compartilhado/babelfont-rs-worktrees/port-496e904-work/review-pr-ff-source-fidelity/bin-src-a089e9a/babelfont)
   Compiling phf v0.14.0
   Compiling uuid v1.24.0
   Compiling vfb-macros v0.1.5
   Compiling serde_with v3.21.0
   Compiling rayon v1.12.0
   Compiling clap v4.6.4
   Compiling glyphs2fontir v1.0.0
   Compiling fontbe v1.0.0
   Compiling fontra2fontir v0.5.0
   Compiling tracing-chrome v0.7.2
   Compiling crossbeam-channel v0.5.16
   Compiling skrifa v0.46.2
   Compiling typeshare-annotation v1.0.5
   Compiling env_logger v0.10.2
   Compiling vfbreader v0.1.5
   Compiling sr-aef v0.1.0 (/home/fsanches/compartilhado/babelfont-rs-worktrees/port-496e904-work/review-pr-ff-source-fidelity/bin-src-a089e9a/sr-aef)
   Compiling linesweeper v0.4.0
   Compiling typeshare v1.0.5
   Compiling norad v0.17.0
   Compiling glyphslib v0.2.7
   Compiling clap-verbosity-flag v3.0.4
   Compiling unicode-normalization v0.1.25
   Compiling serde_json_path_to_error v0.1.5
    Finished `dev` profile [unoptimized + debuginfo] target(s) in 3m 05s
rc=0
