KottaOne-Regular: CLEAN 0
Macondo-Regular: CLEAN 0
Rosarivo-Italic: CLEAN 0
Ledger-Regular: BLOCKING 2
LilitaOne-Regular: BLOCKING 2
Lustria-Regular: BLOCKING 2
Magra-Bold: BLOCKING 3
MergeOne-Regular: BLOCKING 1
OleoScript-Bold: BLOCKING 3
OleoScript-Regular: BLOCKING 2
OleoScriptSwashCaps-Bold: BLOCKING 3
OleoScriptSwashCaps-Regular: BLOCKING 1
Rambla-Bold: BLOCKING 3
Rambla-BoldItalic: BLOCKING 3
Sail-Regular: BLOCKING 1
TextMeOne-Regular: BLOCKING 1
Magra-Regular: CLEAN 0
Rambla-Italic: CLEAN 0
Rambla-Regular: CLEAN 0
Rosarivo-Regular: CLEAN 0
